Component: ARM Compiler 5.06 update 7 (build 960) Tool: armlink [4d3601]

==============================================================================

Section Cross References

    startup_stm32f103xb.o(STACK) refers (Special) to heapauxi.o(.text) for __use_two_region_memory
    startup_stm32f103xb.o(HEAP) refers (Special) to heapauxi.o(.text) for __use_two_region_memory
    startup_stm32f103xb.o(RESET) refers (Special) to heapauxi.o(.text) for __use_two_region_memory
    startup_stm32f103xb.o(RESET) refers to startup_stm32f103xb.o(STACK) for __initial_sp
    startup_stm32f103xb.o(RESET) refers to startup_stm32f103xb.o(.text) for Reset_Handler
    startup_stm32f103xb.o(RESET) refers to stm32f1xx_it.o(i.NMI_Handler) for NMI_Handler
    startup_stm32f103xb.o(RESET) refers to stm32f1xx_it.o(i.HardFault_Handler) for HardFault_Handler
    startup_stm32f103xb.o(RESET) refers to stm32f1xx_it.o(i.MemManage_Handler) for MemManage_Handler
    startup_stm32f103xb.o(RESET) refers to stm32f1xx_it.o(i.BusFault_Handler) for BusFault_Handler
    startup_stm32f103xb.o(RESET) refers to stm32f1xx_it.o(i.UsageFault_Handler) for UsageFault_Handler
    startup_stm32f103xb.o(RESET) refers to stm32f1xx_it.o(i.SVC_Handler) for SVC_Handler
    startup_stm32f103xb.o(RESET) refers to stm32f1xx_it.o(i.DebugMon_Handler) for DebugMon_Handler
    startup_stm32f103xb.o(RESET) refers to stm32f1xx_it.o(i.PendSV_Handler) for PendSV_Handler
    startup_stm32f103xb.o(RESET) refers to stm32f1xx_it.o(i.SysTick_Handler) for SysTick_Handler
    startup_stm32f103xb.o(RESET) refers to stm32f1xx_it.o(i.DMA1_Channel1_IRQHandler) for DMA1_Channel1_IRQHandler
    startup_stm32f103xb.o(RESET) refers to stm32f1xx_it.o(i.DMA1_Channel2_IRQHandler) for DMA1_Channel2_IRQHandler
    startup_stm32f103xb.o(RESET) refers to stm32f1xx_it.o(i.DMA1_Channel4_IRQHandler) for DMA1_Channel4_IRQHandler
    startup_stm32f103xb.o(RESET) refers to stm32f1xx_it.o(i.DMA1_Channel5_IRQHandler) for DMA1_Channel5_IRQHandler
    startup_stm32f103xb.o(RESET) refers to stm32f1xx_it.o(i.EXTI9_5_IRQHandler) for EXTI9_5_IRQHandler
    startup_stm32f103xb.o(RESET) refers to stm32f1xx_it.o(i.TIM1_UP_IRQHandler) for TIM1_UP_IRQHandler
    startup_stm32f103xb.o(RESET) refers to stm32f1xx_it.o(i.USART1_IRQHandler) for USART1_IRQHandler
    startup_stm32f103xb.o(RESET) refers to stm32f1xx_it.o(i.USART3_IRQHandler) for USART3_IRQHandler
    startup_stm32f103xb.o(.text) refers (Special) to heapauxi.o(.text) for __use_two_region_memory
    startup_stm32f103xb.o(.text) refers to system_stm32f1xx.o(i.SystemInit) for SystemInit
    startup_stm32f103xb.o(.text) refers to __main.o(!!!main) for __main
    startup_stm32f103xb.o(.text) refers to startup_stm32f103xb.o(HEAP) for Heap_Mem
    startup_stm32f103xb.o(.text) refers to startup_stm32f103xb.o(STACK) for Stack_Mem
    main.o(i.SystemClock_Config) refers to rt_memclr_w.o(.text) for __aeabi_memclr4
    main.o(i.SystemClock_Config) refers to stm32f1xx_hal_rcc.o(i.HAL_RCC_OscConfig) for HAL_RCC_OscConfig
    main.o(i.SystemClock_Config) refers to stm32f1xx_hal_rcc.o(i.HAL_RCC_ClockConfig) for HAL_RCC_ClockConfig
    main.o(i.main) refers to stm32f1xx_hal.o(i.HAL_Init) for HAL_Init
    main.o(i.main) refers to main.o(i.SystemClock_Config) for SystemClock_Config
    main.o(i.main) refers to gpio.o(i.MX_GPIO_Init) for MX_GPIO_Init
    main.o(i.main) refers to dma.o(i.MX_DMA_Init) for MX_DMA_Init
    main.o(i.main) refers to usart.o(i.MX_USART1_UART_Init) for MX_USART1_UART_Init
    main.o(i.main) refers to tim.o(i.MX_TIM3_Init) for MX_TIM3_Init
    main.o(i.main) refers to tim.o(i.MX_TIM4_Init) for MX_TIM4_Init
    main.o(i.main) refers to usart.o(i.MX_USART3_UART_Init) for MX_USART3_UART_Init
    main.o(i.main) refers to tim.o(i.MX_TIM1_Init) for MX_TIM1_Init
    main.o(i.main) refers to my_main.o(i.my_main) for my_main
    gpio.o(i.MX_GPIO_Init) refers to stm32f1xx_hal_gpio.o(i.HAL_GPIO_WritePin) for HAL_GPIO_WritePin
    gpio.o(i.MX_GPIO_Init) refers to stm32f1xx_hal_gpio.o(i.HAL_GPIO_Init) for HAL_GPIO_Init
    gpio.o(i.MX_GPIO_Init) refers to stm32f1xx_hal_cortex.o(i.HAL_NVIC_SetPriority) for HAL_NVIC_SetPriority
    gpio.o(i.MX_GPIO_Init) refers to stm32f1xx_hal_cortex.o(i.HAL_NVIC_EnableIRQ) for HAL_NVIC_EnableIRQ
    dma.o(i.MX_DMA_Init) refers to stm32f1xx_hal_cortex.o(i.HAL_NVIC_SetPriority) for HAL_NVIC_SetPriority
    dma.o(i.MX_DMA_Init) refers to stm32f1xx_hal_cortex.o(i.HAL_NVIC_EnableIRQ) for HAL_NVIC_EnableIRQ
    tim.o(i.HAL_TIM_Base_MspDeInit) refers to stm32f1xx_hal_cortex.o(i.HAL_NVIC_DisableIRQ) for HAL_NVIC_DisableIRQ
    tim.o(i.HAL_TIM_Base_MspDeInit) refers to stm32f1xx_hal_dma.o(i.HAL_DMA_DeInit) for HAL_DMA_DeInit
    tim.o(i.HAL_TIM_Base_MspInit) refers to stm32f1xx_hal_cortex.o(i.HAL_NVIC_SetPriority) for HAL_NVIC_SetPriority
    tim.o(i.HAL_TIM_Base_MspInit) refers to stm32f1xx_hal_cortex.o(i.HAL_NVIC_EnableIRQ) for HAL_NVIC_EnableIRQ
[...]
    EXTI3_IRQHandler                         0x0800024f   Thumb Code     0  startup_stm32f103xb.o(.text)
    EXTI4_IRQHandler                         0x0800024f   Thumb Code     0  startup_stm32f103xb.o(.text)
    FLASH_IRQHandler                         0x0800024f   Thumb Code     0  startup_stm32f103xb.o(.text)
    I2C1_ER_IRQHandler                       0x0800024f   Thumb Code     0  startup_stm32f103xb.o(.text)
    I2C1_EV_IRQHandler                       0x0800024f   Thumb Code     0  startup_stm32f103xb.o(.text)
    I2C2_ER_IRQHandler                       0x0800024f   Thumb Code     0  startup_stm32f103xb.o(.text)
    I2C2_EV_IRQHandler                       0x0800024f   Thumb Code     0  startup_stm32f103xb.o(.text)
    PVD_IRQHandler                           0x0800024f   Thumb Code     0  startup_stm32f103xb.o(.text)
    RCC_IRQHandler                           0x0800024f   Thumb Code     0  startup_stm32f103xb.o(.text)
    RTC_Alarm_IRQHandler                     0x0800024f   Thumb Code     0  startup_stm32f103xb.o(.text)
    RTC_IRQHandler                           0x0800024f   Thumb Code     0  startup_stm32f103xb.o(.text)
    SPI1_IRQHandler                          0x0800024f   Thumb Code     0  startup_stm32f103xb.o(.text)
    SPI2_IRQHandler                          0x0800024f   Thumb Code     0  startup_stm32f103xb.o(.text)
    TAMPER_IRQHandler                        0x0800024f   Thumb Code     0  startup_stm32f103xb.o(.text)
    TIM1_BRK_IRQHandler                      0x0800024f   Thumb Code     0  startup_stm32f103xb.o(.text)
    TIM1_CC_IRQHandler                       0x0800024f   Thumb Code     0  startup_stm32f103xb.o(.text)
    TIM1_TRG_COM_IRQHandler                  0x0800024f   Thumb Code     0  startup_stm32f103xb.o(.text)
    TIM2_IRQHandler                          0x0800024f   Thumb Code     0  startup_stm32f103xb.o(.text)
    TIM3_IRQHandler                          0x0800024f   Thumb Code     0  startup_stm32f103xb.o(.text)
    TIM4_IRQHandler                          0x0800024f   Thumb Code     0  startup_stm32f103xb.o(.text)
    USART2_IRQHandler                        0x0800024f   Thumb Code     0  startup_stm32f103xb.o(.text)
    USBWakeUp_IRQHandler                     0x0800024f   Thumb Code     0  startup_stm32f103xb.o(.text)
    USB_HP_CAN1_TX_IRQHandler                0x0800024f   Thumb Code     0  startup_stm32f103xb.o(.text)
    USB_LP_CAN1_RX0_IRQHandler               0x0800024f   Thumb Code     0  startup_stm32f103xb.o(.text)
    WWDG_IRQHandler                          0x0800024f   Thumb Code     0  startup_stm32f103xb.o(.text)
    __user_initial_stackheap                 0x08000251   Thumb Code     0  startup_stm32f103xb.o(.text)
    __aeabi_uldivmod                         0x08000275   Thumb Code     0  lludivv7m.o(.text)
    _ll_udiv                                 0x08000275   Thumb Code   238  lludivv7m.o(.text)
    __aeabi_llsr                             0x08000363   Thumb Code     0  llushr.o(.text)
    _ll_ushift_r                             0x08000363   Thumb Code    38  llushr.o(.text)
    __aeabi_ldivmod                          0x08000389   Thumb Code     0  llsdiv.o(.text)
    _ll_sdiv                                 0x08000389   Thumb Code    72  llsdiv.o(.text)
    vsnprintf                                0x080003d1   Thumb Code    48  vsnprintf.o(.text)
    __aeabi_memcpy                           0x08000405   Thumb Code     0  rt_memcpy_v6.o(.text)
    __rt_memcpy                              0x08000405   Thumb Code   138  rt_memcpy_v6.o(.text)
    _memcpy_lastbytes                        0x0800046b   Thumb Code     0  rt_memcpy_v6.o(.text)
    __aeabi_memcpy4                          0x0800048f   Thumb Code     0  rt_memcpy_w.o(.text)
    __aeabi_memcpy8                          0x0800048f   Thumb Code     0  rt_memcpy_w.o(.text)
    __rt_memcpy_w                            0x0800048f   Thumb Code   100  rt_memcpy_w.o(.text)
    _memcpy_lastbytes_aligned                0x080004d7   Thumb Code     0  rt_memcpy_w.o(.text)
    __aeabi_memset                           0x080004f3   Thumb Code    16  aeabi_memset.o(.text)
    __aeabi_memclr                           0x08000503   Thumb Code     0  rt_memclr.o(.text)
    __rt_memclr                              0x08000503   Thumb Code    68  rt_memclr.o(.text)
    _memset                                  0x08000507   Thumb Code     0  rt_memclr.o(.text)
    __aeabi_memclr4                          0x08000547   Thumb Code     0  rt_memclr_w.o(.text)
    __aeabi_memclr8                          0x08000547   Thumb Code     0  rt_memclr_w.o(.text)
    __rt_memclr_w                            0x08000547   Thumb Code    78  rt_memclr_w.o(.text)
    _memset_w                                0x0800054b   Thumb Code     0  rt_memclr_w.o(.text)
    __use_two_region_memory                  0x08000595   Thumb Code     2  heapauxi.o(.text)
    __rt_heap_escrow$2region                 0x08000597   Thumb Code     2  heapauxi.o(.text)
    __rt_heap_expand$2region                 0x08000599   Thumb Code     2  heapauxi.o(.text)
    _printf_pre_padding                      0x0800059b   Thumb Code    44  _printf_pad.o(.text)
    _printf_post_padding                     0x080005c7   Thumb Code    34  _printf_pad.o(.text)
    _printf_truncate_signed                  0x080005e9   Thumb Code    18  _printf_truncate.o(.text)
    _printf_truncate_unsigned                0x080005fb   Thumb Code    18  _printf_truncate.o(.text)
    _printf_str                              0x0800060d   Thumb Code    82  _printf_str.o(.text)
    _printf_int_dec                          0x08000661   Thumb Code   104  _printf_dec.o(.text)
    _printf_charcount                        0x080006d9   Thumb Code    40  _printf_charcount.o(.text)
    _printf_char_common                      0x0800070b   Thumb Code    32  _printf_char_common.o(.text)
    _sputc                                   0x08000731   Thumb Code    10  _sputc.o(.text)
    _snputc                                  0x0800073b   Thumb Code    16  _snputc.o(.text)
    _printf_wctomb                           0x0800074d   Thumb Code   182  _printf_wctomb.o(.text)
    _printf_longlong_dec                     0x08000809   Thumb Code   108  _printf_longlong_dec.o(.text)
    _printf_longlong_oct                     0x08000885   Thumb Code    66  _printf_oct_int_ll.o(.text)
    _printf_int_oct                          0x080008c7   Thumb Code    24  _printf_oct_int_ll.o(.text)
    _printf_ll_oct                           0x080008df   Thumb Code    12  _printf_oct_int_ll.o(.text)
    _printf_longlong_hex                     0x080008f5   Thumb Code    86  _printf_hex_int_ll_ptr.o(.text)
    _printf_int_hex                          0x0800094b   Thumb Code    28  _printf_hex_int_ll_ptr.o(.text)
    _printf_ll_hex                           0x08000967   Thumb Code    12  _printf_hex_int_ll_ptr.o(.text)
    _printf_hex_ptr                          0x08000973   Thumb Code    18  _printf_hex_int_ll_ptr.o(.text)
    __printf                                 0x08000989   Thumb Code   388  __printf_flags_ss_wp.o(.text)
    _ll_udiv10                               0x08000b11   Thumb Code   138  lludiv10.o(.text)
    _printf_int_common                       0x08000b9b   Thumb Code   178  _printf_intcommon.o(.text)
    __lib_sel_fp_printf                      0x08000c4d   Thumb Code     2  _printf_fp_dec.o(.text)
    _printf_fp_dec_real                      0x08000dff   Thumb Code   620  _printf_fp_dec.o(.text)
    _printf_fp_hex_real                      0x0800106d   Thumb Code   756  _printf_fp_hex.o(.text)
    _printf_cs_common                        0x08001369   Thumb Code    20  _printf_char.o(.text)
    _printf_char                             0x0800137d   Thumb Code    16  _printf_char.o(.text)
    _printf_string                           0x0800138d   Thumb Code     8  _printf_char.o(.text)
    _printf_lcs_common                       0x08001395   Thumb Code    20  _printf_wchar.o(.text)
    _printf_wchar                            0x080013a9   Thumb Code    16  _printf_wchar.o(.text)
    _printf_wstring                          0x080013b9   Thumb Code     8  _printf_wchar.o(.text)
    _wcrtomb                                 0x080013c1   Thumb Code    64  _wcrtomb.o(.text)
    __user_setup_stackheap                   0x08001401   Thumb Code    74  sys_stackheap_outer.o(.text)
    __rt_ctype_table                         0x0800144d   Thumb Code    16  rt_ctype_table.o(.text)
    __rt_locale                              0x0800145d   Thumb Code     8  rt_locale_intlibspace.o(.text)
    _printf_fp_infnan                        0x08001465   Thumb Code   112  _printf_fp_infnan.o(.text)
    _btod_etento                             0x080014e5   Thumb Code   224  bigflt0.o(.text)
    exit                                     0x080015c9   Thumb Code    18  exit.o(.text)
    __user_libspace                          0x080015dd   Thumb Code     8  libspace.o(.text)
    __user_perproc_libspace                  0x080015dd   Thumb Code     0  libspace.o(.text)
    __user_perthread_libspace                0x080015dd   Thumb Code     0  libspace.o(.text)
    strcmp                                   0x080015e5   Thumb Code   128  strcmpv7m.o(.text)
    _sys_exit                                0x08001665   Thumb Code     8  sys_exit.o(.text)
    __I$use$semihosting                      0x08001671   Thumb Code     0  use_no_semi.o(.text)
    __use_no_semihosting_swi                 0x08001671   Thumb Code     2  use_no_semi.o(.text)
    __semihosting_library_function           0x08001673   Thumb Code     0  indicate_semi.o(.text)
    _btod_d2e                                0x08001673   Thumb Code    62  btod.o(CL$$btod_d2e)
    _d2e_denorm_low                          0x080016b1   Thumb Code    70  btod.o(CL$$btod_d2e_denorm_low)
    _d2e_norm_op1                            0x080016f7   Thumb Code    96  btod.o(CL$$btod_d2e_norm_op1)
    __btod_div_common                        0x08001757   Thumb Code   696  btod.o(CL$$btod_div_common)
    _e2e                                     0x08001a8f   Thumb Code   220  btod.o(CL$$btod_e2e)
    _btod_ediv                               0x08001b6b   Thumb Code    42  btod.o(CL$$btod_ediv)
    _btod_emul                               0x08001b95   Thumb Code    42  btod.o(CL$$btod_emul)
    __btod_mult_common                       0x08001bbf   Thumb Code   580  btod.o(CL$$btod_mult_common)
    BusFault_Handler                         0x08001e03   Thumb Code     2  stm32f1xx_it.o(i.BusFault_Handler)
    DMA1_Channel1_IRQHandler                 0x08001e05   Thumb Code     6  stm32f1xx_it.o(i.DMA1_Channel1_IRQHandler)
    DMA1_Channel2_IRQHandler                 0x08001e11   Thumb Code     6  stm32f1xx_it.o(i.DMA1_Channel2_IRQHandler)
    DMA1_Channel4_IRQHandler                 0x08001e1d   Thumb Code     6  stm32f1xx_it.o(i.DMA1_Channel4_IRQHandler)
    DMA1_Channel5_IRQHandler                 0x08001e29   Thumb Code     6  stm32f1xx_it.o(i.DMA1_Channel5_IRQHandler)
    DebugMon_Handler                         0x08001e5f   Thumb Code     2  stm32f1xx_it.o(i.DebugMon_Handler)
    EXTI9_5_IRQHandler                       0x08001e61   Thumb Code     6  stm32f1xx_it.o(i.EXTI9_5_IRQHandler)
    Error_Handler                            0x08001e67   Thumb Code     4  main.o(i.Error_Handler)
    FLASH_PageErase                          0x08001e91   Thumb Code    28  stm32f1xx_hal_flash_ex.o(i.FLASH_PageErase)
    FLASH_WaitForLastOperation               0x08001f2d   Thumb Code    80  stm32f1xx_hal_flash.o(i.FLASH_WaitForLastOperation)
    Flash_ErasePage                          0x08001f81   Thumb Code    62  flash_driver.o(i.Flash_ErasePage)
    Flash_ReadData                           0x08001fc1   Thumb Code    26  flash_driver.o(i.Flash_ReadData)
    Flash_WriteData                          0x08001fdd   Thumb Code    80  flash_driver.o(i.Flash_WriteData)
    HAL_DMA_Abort                            0x08002031   Thumb Code    70  stm32f1xx_hal_dma.o(i.HAL_DMA_Abort)
    HAL_DMA_Abort_IT                         0x08002079   Thumb Code   148  stm32f1xx_hal_dma.o(i.HAL_DMA_Abort_IT)
    HAL_DMA_IRQHandler                       0x08002111   Thumb Code   316  stm32f1xx_hal_dma.o(i.HAL_DMA_IRQHandler)
    HAL_DMA_Init                             0x08002265   Thumb Code    84  stm32f1xx_hal_dma.o(i.HAL_DMA_Init)
    HAL_DMA_Start_IT                         0x080022c1   Thumb Code   112  stm32f1xx_hal_dma.o(i.HAL_DMA_Start_IT)
    HAL_FLASHEx_Erase                        0x08002331   Thumb Code   160  stm32f1xx_hal_flash_ex.o(i.HAL_FLASHEx_Erase)
    HAL_FLASH_Lock                           0x080023d9   Thumb Code    14  stm32f1xx_hal_flash.o(i.HAL_FLASH_Lock)
    HAL_FLASH_Program                        0x080023ed   Thumb Code   120  stm32f1xx_hal_flash.o(i.HAL_FLASH_Program)
    HAL_FLASH_Unlock                         0x0800246d   Thumb Code    28  stm32f1xx_hal_flash.o(i.HAL_FLASH_Unlock)
    HAL_GPIO_EXTI_Callback                   0x08002495   Thumb Code     4  motor_task.o(i.HAL_GPIO_EXTI_Callback)
    HAL_GPIO_EXTI_IRQHandler                 0x08002499   Thumb Code    18  stm32f1xx_hal_gpio.o(i.HAL_GPIO_EXTI_IRQHandler)
    HAL_GPIO_Init                            0x080024b1   Thumb Code   446  stm32f1xx_hal_gpio.o(i.HAL_GPIO_Init)
    HAL_GPIO_WritePin                        0x08002691   Thumb Code    10  stm32f1xx_hal_gpio.o(i.HAL_GPIO_WritePin)
    HAL_GetTick                              0x0800269d   Thumb Code     6  stm32f1xx_hal.o(i.HAL_GetTick)
    HAL_IncTick                              0x080026a9   Thumb Code    12  stm32f1xx_hal.o(i.HAL_IncTick)
    HAL_Init                                 0x080026b9   Thumb Code    32  stm32f1xx_hal.o(i.HAL_Init)
    HAL_InitTick                             0x080026dd   Thumb Code    54  stm32f1xx_hal.o(i.HAL_InitTick)
    HAL_MspInit                              0x0800271d   Thumb Code    52  stm32f1xx_hal_msp.o(i.HAL_MspInit)
    HAL_NVIC_EnableIRQ                       0x08002759   Thumb Code    26  stm32f1xx_hal_cortex.o(i.HAL_NVIC_EnableIRQ)
    HAL_NVIC_SetPriority                     0x08002775   Thumb Code    60  stm32f1xx_hal_cortex.o(i.HAL_NVIC_SetPriority)
    HAL_NVIC_SetPriorityGrouping             0x080027b5   Thumb Code    26  stm32f1xx_hal_cortex.o(i.HAL_NVIC_SetPriorityGrouping)
    HAL_RCC_ClockConfig                      0x080027d9   Thumb Code   280  stm32f1xx_hal_rcc.o(i.HAL_RCC_ClockConfig)
    HAL_RCC_GetPCLK1Freq                     0x08002905   Thumb Code    20  stm32f1xx_hal_rcc.o(i.HAL_RCC_GetPCLK1Freq)
    HAL_RCC_GetPCLK2Freq                     0x08002925   Thumb Code    20  stm32f1xx_hal_rcc.o(i.HAL_RCC_GetPCLK2Freq)
    HAL_RCC_GetSysClockFreq                  0x08002945   Thumb Code    58  stm32f1xx_hal_rcc.o(i.HAL_RCC_GetSysClockFreq)
    HAL_RCC_OscConfig                        0x08002991   Thumb Code   778  stm32f1xx_hal_rcc.o(i.HAL_RCC_OscConfig)
    HAL_SYSTICK_Config                       0x08002cb1   Thumb Code    40  stm32f1xx_hal_cortex.o(i.HAL_SYSTICK_Config)
    HAL_TIMEx_BreakCallback                  0x08002cd9   Thumb Code     2  stm32f1xx_hal_tim_ex.o(i.HAL_TIMEx_BreakCallback)
    HAL_TIMEx_CommutCallback                 0x08002cdb   Thumb Code     2  stm32f1xx_hal_tim_ex.o(i.HAL_TIMEx_CommutCallback)
    HAL_TIMEx_MasterConfigSynchronization    0x08002cdd   Thumb Code    92  stm32f1xx_hal_tim_ex.o(i.HAL_TIMEx_MasterConfigSynchronization)
    HAL_TIM_Base_Init                        0x08002d45   Thumb Code    90  stm32f1xx_hal_tim.o(i.HAL_TIM_Base_Init)
    HAL_TIM_Base_MspInit                     0x08002da1   Thumb Code   146  tim.o(i.HAL_TIM_Base_MspInit)
    HAL_TIM_ConfigClockSource                0x08002e4d   Thumb Code   220  stm32f1xx_hal_tim.o(i.HAL_TIM_ConfigClockSource)
    HAL_TIM_IC_CaptureCallback               0x08002f29   Thumb Code     2  stm32f1xx_hal_tim.o(i.HAL_TIM_IC_CaptureCallback)
    HAL_TIM_IRQHandler                       0x08002f2b   Thumb Code   304  stm32f1xx_hal_tim.o(i.HAL_TIM_IRQHandler)
    HAL_TIM_MspPostInit                      0x0800305d   Thumb Code    64  tim.o(i.HAL_TIM_MspPostInit)
    HAL_TIM_OC_ConfigChannel                 0x080030a9   Thumb Code    82  stm32f1xx_hal_tim.o(i.HAL_TIM_OC_ConfigChannel)
    HAL_TIM_OC_DelayElapsedCallback          0x080030fb   Thumb Code     2  stm32f1xx_hal_tim.o(i.HAL_TIM_OC_DelayElapsedCallback)
    HAL_TIM_OC_Init                          0x080030fd   Thumb Code    90  stm32f1xx_hal_tim.o(i.HAL_TIM_OC_Init)
    HAL_TIM_OC_MspInit                       0x08003157   Thumb Code     2  stm32f1xx_hal_tim.o(i.HAL_TIM_OC_MspInit)
    HAL_TIM_PWM_ConfigChannel                0x08003159   Thumb Code   204  stm32f1xx_hal_tim.o(i.HAL_TIM_PWM_ConfigChannel)
    HAL_TIM_PWM_Init                         0x08003225   Thumb Code    90  stm32f1xx_hal_tim.o(i.HAL_TIM_PWM_Init)
    HAL_TIM_PWM_MspInit                      0x0800327f   Thumb Code     2  stm32f1xx_hal_tim.o(i.HAL_TIM_PWM_MspInit)
    HAL_TIM_PWM_PulseFinishedCallback        0x08003281   Thumb Code     2  stm32f1xx_hal_tim.o(i.HAL_TIM_PWM_PulseFinishedCallback)
    HAL_TIM_PeriodElapsedCallback            0x08003283   Thumb Code     2  stm32f1xx_hal_tim.o(i.HAL_TIM_PeriodElapsedCallback)
    HAL_TIM_SlaveConfigSynchro               0x08003285   Thumb Code    86  stm32f1xx_hal_tim.o(i.HAL_TIM_SlaveConfigSynchro)
    HAL_TIM_TriggerCallback                  0x080032db   Thumb Code     2  stm32f1xx_hal_tim.o(i.HAL_TIM_TriggerCallback)
    HAL_UARTEx_ReceiveToIdle_DMA             0x080032dd   Thumb Code    74  stm32f1xx_hal_uart.o(i.HAL_UARTEx_ReceiveToIdle_DMA)
    HAL_UARTEx_RxEventCallback               0x08003329   Thumb Code    70  usart_driver.o(i.HAL_UARTEx_RxEventCallback)
    HAL_UART_DMAStop                         0x08003385   Thumb Code   112  stm32f1xx_hal_uart.o(i.HAL_UART_DMAStop)
    HAL_UART_ErrorCallback                   0x080033f5   Thumb Code     2  stm32f1xx_hal_uart.o(i.HAL_UART_ErrorCallback)
    HAL_UART_IRQHandler                      0x080033f9   Thumb Code   616  stm32f1xx_hal_uart.o(i.HAL_UART_IRQHandler)
    HAL_UART_Init                            0x08003665   Thumb Code   100  stm32f1xx_hal_uart.o(i.HAL_UART_Init)
    HAL_UART_MspInit                         0x080036c9   Thumb Code   338  usart.o(i.HAL_UART_MspInit)
    HAL_UART_RxCpltCallback                  0x08003839   Thumb Code     2  stm32f1xx_hal_uart.o(i.HAL_UART_RxCpltCallback)
    HAL_UART_RxHalfCpltCallback              0x0800383b   Thumb Code     2  stm32f1xx_hal_uart.o(i.HAL_UART_RxHalfCpltCallback)
    HAL_UART_Transmit_DMA                    0x0800383d   Thumb Code   106  stm32f1xx_hal_uart.o(i.HAL_UART_Transmit_DMA)
    HAL_UART_TxCpltCallback                  0x080038b5   Thumb Code     2  stm32f1xx_hal_uart.o(i.HAL_UART_TxCpltCallback)
    HAL_UART_TxHalfCpltCallback              0x080038b7   Thumb Code     2  stm32f1xx_hal_uart.o(i.HAL_UART_TxHalfCpltCallback)
    HardFault_Handler                        0x080038b9   Thumb Code     2  stm32f1xx_it.o(i.HardFault_Handler)
    MX_DMA_Init                              0x080038bd   Thumb Code    88  dma.o(i.MX_DMA_Init)
    MX_GPIO_Init                             0x08003919   Thumb Code   152  gpio.o(i.MX_GPIO_Init)
    MX_TIM1_Init                             0x080039bd   Thumb Code    98  tim.o(i.MX_TIM1_Init)
    MX_TIM3_Init                             0x08003a29   Thumb Code   146  tim.o(i.MX_TIM3_Init)
    MX_TIM4_Init                             0x08003ac5   Thumb Code   138  tim.o(i.MX_TIM4_Init)
    MX_USART1_UART_Init                      0x08003b59   Thumb Code    48  usart.o(i.MX_USART1_UART_Init)
    MX_USART3_UART_Init                      0x08003b91   Thumb Code    48  usart.o(i.MX_USART3_UART_Init)
    MemManage_Handler                        0x08003bc9   Thumb Code     2  stm32f1xx_it.o(i.MemManage_Handler)
    NMI_Handler                              0x08003bcb   Thumb Code     2  stm32f1xx_it.o(i.NMI_Handler)
    PendSV_Handler                           0x08003bcd   Thumb Code     2  stm32f1xx_it.o(i.PendSV_Handler)
    SVC_Handler                              0x08003bcf   Thumb Code     2  stm32f1xx_it.o(i.SVC_Handler)
    SysTick_Handler                          0x08003bd1   Thumb Code     4  stm32f1xx_it.o(i.SysTick_Handler)
    SystemClock_Config                       0x08003bd5   Thumb Code    94  main.o(i.SystemClock_Config)
    SystemInit                               0x08003c33   Thumb Code     2  system_stm32f1xx.o(i.SystemInit)
    TIM1_UP_IRQHandler                       0x08003c35   Thumb Code     6  stm32f1xx_it.o(i.TIM1_UP_IRQHandler)
    TIM_Base_SetConfig                       0x08003c41   Thumb Code   108  stm32f1xx_hal_tim.o(i.TIM_Base_SetConfig)
    TIM_ETR_SetConfig                        0x08003cb9   Thumb Code    20  stm32f1xx_hal_tim.o(i.TIM_ETR_SetConfig)
    TIM_OC2_SetConfig                        0x08003d2d   Thumb Code    84  stm32f1xx_hal_tim.o(i.TIM_OC2_SetConfig)
    UART_RxIdle_DMA_Init                     0x08004169   Thumb Code    28  usart_driver.o(i.UART_RxIdle_DMA_Init)
    UART_Start_Receive_DMA                   0x08004249   Thumb Code   130  stm32f1xx_hal_uart.o(i.UART_Start_Receive_DMA)
    USART1_IRQHandler                        0x080042d9   Thumb Code     6  stm32f1xx_it.o(i.USART1_IRQHandler)
    USART3_IRQHandler                        0x080042e5   Thumb Code     6  stm32f1xx_it.o(i.USART3_IRQHandler)
    UsageFault_Handler                       0x080042f1   Thumb Code     2  stm32f1xx_it.o(i.UsageFault_Handler)
    __ARM_fpclassify                         0x080042f3   Thumb Code    40  fpclassify.o(i.__ARM_fpclassify)
    _is_digit                                0x0800433b   Thumb Code    14  __printf_wp.o(i._is_digit)
    agile_modbus_common_init                 0x080043a5   Thumb Code    38  agile_modbus.o(i.agile_modbus_common_init)
    agile_modbus_receive_judge               0x0800447b   Thumb Code    34  agile_modbus.o(i.agile_modbus_receive_judge)
    agile_modbus_rtu_init                    0x08004565   Thumb Code    24  agile_modbus_rtu.o(i.agile_modbus_rtu_init)
    agile_modbus_set_slave                   0x080045df   Thumb Code     6  agile_modbus.o(i.agile_modbus_set_slave)
    agile_modbus_slave_handle                0x080045e5   Thumb Code   852  agile_modbus.o(i.agile_modbus_slave_handle)
    agile_modbus_slave_io_get                0x08004945   Thumb Code    28  agile_modbus.o(i.agile_modbus_slave_io_get)
    agile_modbus_slave_io_set                0x08004961   Thumb Code    36  agile_modbus.o(i.agile_modbus_slave_io_set)
    agile_modbus_slave_register_get          0x08004985   Thumb Code    18  agile_modbus.o(i.agile_modbus_slave_register_get)
    agile_modbus_slave_register_set          0x08004997   Thumb Code    14  agile_modbus.o(i.agile_modbus_slave_register_set)
    agile_modbus_slave_util_callback         0x080049a5   Thumb Code   152  agile_modbus_slave_util.o(i.agile_modbus_slave_util_callback)
    main                                     0x08005075   Thumb Code    42  main.o(i.main)
    modbus_app_get_slave_util                0x080051cd   Thumb Code     4  modbus_app.o(i.modbus_app_get_slave_util)
    modbus_app_init                          0x080051d5   Thumb Code     2  modbus_app.o(i.modbus_app_init)
    motor_task_1ms                           0x080051d7   Thumb Code     4  motor_task.o(i.motor_task_1ms)
    motor_task_init                          0x080051db   Thumb Code     4  motor_task.o(i.motor_task_init)
    my_main                                  0x080051e1   Thumb Code    26  my_main.o(i.my_main)
    my_printf                                0x0800520d   Thumb Code    52  usart_driver.o(i.my_printf)
    my_usart1_init                           0x08005249   Thumb Code    42  usart_task.o(i.my_usart1_init)
    plsr_config_is_current_freq_addr         0x0800527d   Thumb Code    32  plsr_config.o(i.plsr_config_is_current_freq_addr)
    plsr_config_next_segment                 0x0800529d   Thumb Code    38  plsr_config.o(i.plsr_config_next_segment)
    plsr_config_set_defaults                 0x080052c3   Thumb Code    58  plsr_config.o(i.plsr_config_set_defaults)
    plsr_config_validate_for_start           0x080052fd   Thumb Code    74  plsr_config.o(i.plsr_config_validate_for_start)
    plsr_core_get_record                     0x08005347   Thumb Code    34  plsr_core.o(i.plsr_core_get_record)
    plsr_core_get_status                     0x08005369   Thumb Code    84  plsr_core.o(i.plsr_core_get_status)
    plsr_core_init                           0x080053bd   Thumb Code    42  plsr_core.o(i.plsr_core_init)
    plsr_core_is_idle                        0x080053e7   Thumb Code    46  plsr_core.o(i.plsr_core_is_idle)
    plsr_core_on_ext_rising                  0x08005415   Thumb Code    64  plsr_core.o(i.plsr_core_on_ext_rising)
    plsr_core_request_current_freq           0x08005455   Thumb Code    66  plsr_core.o(i.plsr_core_request_current_freq)
    plsr_core_set_record                     0x0800549d   Thumb Code    34  plsr_core.o(i.plsr_core_set_record)
    plsr_core_start                          0x080054bf   Thumb Code   170  plsr_core.o(i.plsr_core_start)
    plsr_core_stop                           0x08005569   Thumb Code    74  plsr_core.o(i.plsr_core_stop)
    plsr_core_task_1ms                       0x080055b3   Thumb Code   118  plsr_core.o(i.plsr_core_task_1ms)
    plsr_hw_configure_terminals              0x08005629   Thumb Code    48  plsr_hw.o(i.plsr_hw_configure_terminals)
    plsr_hw_init                             0x0800565d   Thumb Code    74  plsr_hw.o(i.plsr_hw_init)
    plsr_hw_is_ext_pin                       0x080056ad   Thumb Code    12  plsr_hw.o(i.plsr_hw_is_ext_pin)
    plsr_hw_poll                             0x080056b9   Thumb Code   174  plsr_hw.o(i.plsr_hw_poll)
    plsr_hw_set_direction                    0x0800576d   Thumb Code    42  plsr_hw.o(i.plsr_hw_set_direction)
    plsr_hw_set_frequency                    0x080057a1   Thumb Code   156  plsr_hw.o(i.plsr_hw_set_frequency)
    plsr_hw_start                            0x08005849   Thumb Code   186  plsr_hw.o(i.plsr_hw_start)
    plsr_hw_stop_now                         0x08005909   Thumb Code    80  plsr_hw.o(i.plsr_hw_stop_now)
    plsr_port_enter_critical                 0x0800595d   Thumb Code     8  plsr_port.o(i.plsr_port_enter_critical)
    plsr_port_exit_critical                  0x08005965   Thumb Code     6  plsr_port.o(i.plsr_port_exit_critical)
    plsr_port_get_tick_ms                    0x0800596b   Thumb Code     4  plsr_port.o(i.plsr_port_get_tick_ms)
    plsr_profile_build                       0x0800596f   Thumb Code    64  plsr_profile.o(i.plsr_profile_build)
    plsr_profile_eval                        0x080059b1   Thumb Code    96  plsr_profile.o(i.plsr_profile_eval)
    plsr_service_clear_total_distance        0x08005a15   Thumb Code    34  plsr_service.o(i.plsr_service_clear_total_distance)
    plsr_service_get_config                  0x08005a3d   Thumb Code    34  plsr_service.o(i.plsr_service_get_config)
    plsr_service_get_status                  0x08005a65   Thumb Code     8  plsr_service.o(i.plsr_service_get_status)
    plsr_service_init                        0x08005a71   Thumb Code    88  plsr_service.o(i.plsr_service_init)
    plsr_service_on_exti                     0x08005acd   Thumb Code    38  plsr_service.o(i.plsr_service_on_exti)
    plsr_service_read_register               0x08005afd   Thumb Code   386  plsr_service.o(i.plsr_service_read_register)
    plsr_service_set_position                0x08005c85   Thumb Code    48  plsr_service.o(i.plsr_service_set_position)
    plsr_service_start_once                  0x08005cb9   Thumb Code    42  plsr_service.o(i.plsr_service_start_once)
    plsr_service_storage_task_100ms          0x08005ce9   Thumb Code    38  plsr_service.o(i.plsr_service_storage_task_100ms)
    plsr_service_task_1ms                    0x08005d15   Thumb Code    66  plsr_service.o(i.plsr_service_task_1ms)
    plsr_service_write_registers             0x08005d5d   Thumb Code   506  plsr_service.o(i.plsr_service_write_registers)
    plsr_storage_load                        0x08005f5d   Thumb Code   114  plsr_storage.o(i.plsr_storage_load)
    plsr_storage_mark_dirty                  0x08005fd9   Thumb Code    16  plsr_storage.o(i.plsr_storage_mark_dirty)
    plsr_storage_save                        0x08005fed   Thumb Code   108  plsr_storage.o(i.plsr_storage_save)
    plsr_storage_set_defaults                0x08006065   Thumb Code    26  plsr_storage.o(i.plsr_storage_set_defaults)
    plsr_storage_task_100ms                  0x08006081   Thumb Code    40  plsr_storage.o(i.plsr_storage_task_100ms)
    scheduler_init                           0x08006391   Thumb Code     8  scheduler.o(i.scheduler_init)
    scheduler_run                            0x0800639d   Thumb Code    56  scheduler.o(i.scheduler_run)
    usart1_task                              0x08006699   Thumb Code   122  usart_task.o(i.usart1_task)
    vofa_task                                0x08006781   Thumb Code    30  vofa_app.o(i.vofa_task)
    _get_lc_numeric                          0x08006a51   Thumb Code    44  lc_numeric_c.o(locale$$code)
    _get_lc_ctype                            0x08006a7d   Thumb Code    44  lc_ctype_c.o(locale$$code)
    _printf_fp_dec                           0x08006aa9   Thumb Code     4  printf1.o(x$fpl$printf1)
    _printf_fp_hex                           0x08006aad   Thumb Code     4  printf2.o(x$fpl$printf2)
    __I$use$fp                               0x08006ab0   Number         0  usenofp.o(x$fpl$usenofp)
    AHBPrescTable                            0x08006ac2   Data          16  system_stm32f1xx.o(.constdata)
    APBPrescTable                            0x08006ad2   Data           8  system_stm32f1xx.o(.constdata)
    Region$$Table$$Base                      0x08006f3c   Number         0  anon$$obj.o(Region$$Table)
    Region$$Table$$Limit                     0x08006f5c   Number         0  anon$$obj.o(Region$$Table)
    __ctype                                  0x08006f85   Data           0  lc_ctype_c.o(locale$$data)
    uwTickFreq                               0x20000000   Data           1  stm32f1xx_hal.o(.data)
    uwTickPrio                               0x20000004   Data           4  stm32f1xx_hal.o(.data)
    uwTick                                   0x20000008   Data           4  stm32f1xx_hal.o(.data)
    SystemCoreClock                          0x2000000c   Data           4  system_stm32f1xx.o(.data)
    usart1_rx_flag                           0x20000010   Data           1  usart_driver.o(.data)
    usart1_rx_len                            0x20000012   Data           2  usart_driver.o(.data)
    htim1                                    0x2000007c   Data          72  tim.o(.bss)
    htim3                                    0x200000c4   Data          72  tim.o(.bss)
    htim4                                    0x2000010c   Data          72  tim.o(.bss)
    hdma_tim4_ch1                            0x20000154   Data          68  tim.o(.bss)
    huart1                                   0x20000198   Data          72  usart.o(.bss)
    huart3                                   0x200001e0   Data          72  usart.o(.bss)
    hdma_usart1_rx                           0x20000228   Data          68  usart.o(.bss)
    hdma_usart1_tx                           0x2000026c   Data          68  usart.o(.bss)
    hdma_usart3_tx                           0x200002b0   Data          68  usart.o(.bss)
    pFlash                                   0x200002f8   Data          32  stm32f1xx_hal_flash.o(.bss)
    hdma_usart1_rx_buffer                    0x20000418   Data         256  usart_driver.o(.bss)
    usart1_rx_buffer                         0x20000518   Data         256  usart_driver.o(.bss)
    __libspace_start                         0x200009b0   Data          96  libspace.o(.bss)
    __temporary_stack_top$libspace           0x20000a10   Data           0  libspace.o(.bss)



==============================================================================

Memory Map of the image

  Image Entry point : 0x080000ed

  Load Region LR_IROM1 (Base: 0x08000000, Size: 0x00007104, Max: 0x0000fc00, ABSOLUTE)

    Execution Region ER_IROM1 (Exec base: 0x08000000, Load base: 0x08000000, Size: 0x00007088, Max: 0x0000fc00, ABSOLUTE)

    Exec Addr    Load Addr    Size         Type   Attr      Idx    E Section Name        Object

    0x08000000   0x08000000   0x000000ec   Data   RO            3    RESET               startup_stm32f103xb.o
    0x080000ec   0x080000ec   0x00000008   Code   RO         4342  * !!!main             c_w.l(__main.o)
    0x080000f4   0x080000f4   0x00000034   Code   RO         4677    !!!scatter          c_w.l(__scatter.o)
    0x08000128   0x08000128   0x0000001a   Code   RO         4679    !!handler_copy      c_w.l(__scatter_copy.o)
    0x08000142   0x08000142   0x00000002   PAD
    0x08000144   0x08000144   0x0000001c   Code   RO         4681    !!handler_zi        c_w.l(__scatter_zi.o)
    0x08000160   0x08000160   0x00000000   Code   RO         4432    .ARM.Collect$$_printf_percent$$00000000  c_w.l(_printf_percent.o)
    0x08000160   0x08000160   0x00000006   Code   RO         4421    .ARM.Collect$$_printf_percent$$00000001  c_w.l(_printf_n.o)
    0x08000166   0x08000166   0x00000006   Code   RO         4423    .ARM.Collect$$_printf_percent$$00000002  c_w.l(_printf_p.o)
    0x0800016c   0x0800016c   0x00000006   Code   RO         4428    .ARM.Collect$$_printf_percent$$00000003  c_w.l(_printf_f.o)
    0x08000172   0x08000172   0x00000006   Code   RO         4429    .ARM.Collect$$_printf_percent$$00000004  c_w.l(_printf_e.o)
    0x08000178   0x08000178   0x00000006   Code   RO         4430    .ARM.Collect$$_printf_percent$$00000005  c_w.l(_printf_g.o)
    0x0800017e   0x0800017e   0x00000006   Code   RO         4431    .ARM.Collect$$_printf_percent$$00000006  c_w.l(_printf_a.o)
    0x08000184   0x08000184   0x0000000a   Code   RO         4436    .ARM.Collect$$_printf_percent$$00000007  c_w.l(_printf_ll.o)
    0x0800018e   0x0800018e   0x00000006   Code   RO         4425    .ARM.Collect$$_printf_percent$$00000008  c_w.l(_printf_i.o)
    0x08000194   0x08000194   0x00000006   Code   RO         4426    .ARM.Collect$$_printf_percent$$00000009  c_w.l(_printf_d.o)
    0x0800019a   0x0800019a   0x00000006   Code   RO         4427    .ARM.Collect$$_printf_percent$$0000000A  c_w.l(_printf_u.o)
    0x080001a0   0x080001a0   0x00000006   Code   RO         4424    .ARM.Collect$$_printf_percent$$0000000B  c_w.l(_printf_o.o)
    0x080001a6   0x080001a6   0x00000006   Code   RO         4422    .ARM.Collect$$_printf_percent$$0000000C  c_w.l(_printf_x.o)
    0x080001ac   0x080001ac   0x00000006   Code   RO         4433    .ARM.Collect$$_printf_percent$$0000000D  c_w.l(_printf_lli.o)
    0x080001b2   0x080001b2   0x00000006   Code   RO         4434    .ARM.Collect$$_printf_percent$$0000000E  c_w.l(_printf_lld.o)
    0x080001b8   0x080001b8   0x00000006   Code   RO         4435    .ARM.Collect$$_printf_percent$$0000000F  c_w.l(_printf_llu.o)
    0x080001be   0x080001be   0x00000006   Code   RO         4440    .ARM.Collect$$_printf_percent$$00000010  c_w.l(_printf_llo.o)
    0x080001c4   0x080001c4   0x00000006   Code   RO         4441    .ARM.Collect$$_printf_percent$$00000011  c_w.l(_printf_llx.o)
    0x080001ca   0x080001ca   0x0000000a   Code   RO         4437    .ARM.Collect$$_printf_percent$$00000012  c_w.l(_printf_l.o)
    0x080001d4   0x080001d4   0x00000006   Code   RO         4419    .ARM.Collect$$_printf_percent$$00000013  c_w.l(_printf_c.o)
    0x080001da   0x080001da   0x00000006   Code   RO         4420    .ARM.Collect$$_printf_percent$$00000014  c_w.l(_printf_s.o)
    0x080001e0   0x080001e0   0x00000006   Code   RO         4438    .ARM.Collect$$_printf_percent$$00000015  c_w.l(_printf_lc.o)
    0x080001e6   0x080001e6   0x00000006   Code   RO         4439    .ARM.Collect$$_printf_percent$$00000016  c_w.l(_printf_ls.o)
    0x080001ec   0x080001ec   0x00000004   Code   RO         4482    .ARM.Collect$$_printf_percent$$00000017  c_w.l(_printf_percent_end.o)
    0x080001f0   0x080001f0   0x00000002   Code   RO         4535    .ARM.Collect$$libinit$$00000000  c_w.l(libinit.o)
    0x080001f2   0x080001f2   0x00000000   Code   RO         4558    .ARM.Collect$$libinit$$00000002  c_w.l(libinit2.o)
    0x080001f2   0x080001f2   0x00000000   Code   RO         4560    .ARM.Collect$$libinit$$00000004  c_w.l(libinit2.o)
    0x080001f2   0x080001f2   0x00000000   Code   RO         4563    .ARM.Collect$$libinit$$0000000A  c_w.l(libinit2.o)
    0x080001f2   0x080001f2   0x00000000   Code   RO         4565    .ARM.Collect$$libinit$$0000000C  c_w.l(libinit2.o)
    0x080001f2   0x080001f2   0x00000000   Code   RO         4567    .ARM.Collect$$libinit$$0000000E  c_w.l(libinit2.o)
    0x080001f2   0x080001f2   0x00000006   Code   RO         4568    .ARM.Collect$$libinit$$0000000F  c_w.l(libinit2.o)
    0x080001f8   0x080001f8   0x00000000   Code   RO         4570    .ARM.Collect$$libinit$$00000011  c_w.l(libinit2.o)
    0x080001f8   0x080001f8   0x0000000c   Code   RO         4571    .ARM.Collect$$libinit$$00000012  c_w.l(libinit2.o)
    0x08000204   0x08000204   0x00000000   Code   RO         4572    .ARM.Collect$$libinit$$00000013  c_w.l(libinit2.o)
    0x08000204   0x08000204   0x00000000   Code   RO         4574    .ARM.Collect$$libinit$$00000015  c_w.l(libinit2.o)
    0x08000204   0x08000204   0x0000000a   Code   RO         4575    .ARM.Collect$$libinit$$00000016  c_w.l(libinit2.o)
    0x0800020e   0x0800020e   0x00000000   Code   RO         4576    .ARM.Collect$$libinit$$00000017  c_w.l(libinit2.o)
    0x0800020e   0x0800020e   0x00000000   Code   RO         4578    .ARM.Collect$$libinit$$00000019  c_w.l(libinit2.o)
    0x0800020e   0x0800020e   0x00000000   Code   RO         4580    .ARM.Collect$$libinit$$0000001B  c_w.l(libinit2.o)
    0x0800020e   0x0800020e   0x00000000   Code   RO         4582    .ARM.Collect$$libinit$$0000001D  c_w.l(libinit2.o)
    0x0800020e   0x0800020e   0x00000000   Code   RO         4584    .ARM.Collect$$libinit$$0000001F  c_w.l(libinit2.o)
    0x0800020e   0x0800020e   0x00000000   Code   RO         4586    .ARM.Collect$$libinit$$00000021  c_w.l(libinit2.o)
    0x0800020e   0x0800020e   0x00000000   Code   RO         4588    .ARM.Collect$$libinit$$00000023  c_w.l(libinit2.o)
    0x0800020e   0x0800020e   0x00000000   Code   RO         4590    .ARM.Collect$$libinit$$00000025  c_w.l(libinit2.o)
    0x0800020e   0x0800020e   0x00000000   Code   RO         4594    .ARM.Collect$$libinit$$0000002C  c_w.l(libinit2.o)
    0x0800020e   0x0800020e   0x00000000   Code   RO         4596    .ARM.Collect$$libinit$$0000002E  c_w.l(libinit2.o)
    0x0800020e   0x0800020e   0x00000000   Code   RO         4598    .ARM.Collect$$libinit$$00000030  c_w.l(libinit2.o)
    0x0800020e   0x0800020e   0x00000000   Code   RO         4600    .ARM.Collect$$libinit$$00000032  c_w.l(libinit2.o)
    0x0800020e   0x0800020e   0x00000002   Code   RO         4601    .ARM.Collect$$libinit$$00000033  c_w.l(libinit2.o)
    0x08000210   0x08000210   0x00000002   Code   RO         4632    .ARM.Collect$$libshutdown$$00000000  c_w.l(libshutdown.o)
    0x08000212   0x08000212   0x00000000   Code   RO         4658    .ARM.Collect$$libshutdown$$00000002  c_w.l(libshutdown2.o)
    0x08000212   0x08000212   0x00000000   Code   RO         4660    .ARM.Collect$$libshutdown$$00000004  c_w.l(libshutdown2.o)
    0x08000212   0x08000212   0x00000000   Code   RO         4662    .ARM.Collect$$libshutdown$$00000006  c_w.l(libshutdown2.o)
    0x08000212   0x08000212   0x00000000   Code   RO         4665    .ARM.Collect$$libshutdown$$00000009  c_w.l(libshutdown2.o)
    0x08000212   0x08000212   0x00000000   Code   RO         4668    .ARM.Collect$$libshutdown$$0000000C  c_w.l(libshutdown2.o)
    0x08000212   0x08000212   0x00000000   Code   RO         4670    .ARM.Collect$$libshutdown$$0000000E  c_w.l(libshutdown2.o)
    0x08000212   0x08000212   0x00000000   Code   RO         4673    .ARM.Collect$$libshutdown$$00000011  c_w.l(libshutdown2.o)
    0x08000212   0x08000212   0x00000002   Code   RO         4674    .ARM.Collect$$libshutdown$$00000012  c_w.l(libshutdown2.o)
    0x08000214   0x08000214   0x00000000   Code   RO         4344    .ARM.Collect$$rtentry$$00000000  c_w.l(__rtentry.o)
    0x08000214   0x08000214   0x00000000   Code   RO         4451    .ARM.Collect$$rtentry$$00000002  c_w.l(__rtentry2.o)
    0x08000214   0x08000214   0x00000006   Code   RO         4463    .ARM.Collect$$rtentry$$00000004  c_w.l(__rtentry4.o)
    0x0800021a   0x0800021a   0x00000000   Code   RO         4453    .ARM.Collect$$rtentry$$00000009  c_w.l(__rtentry2.o)
    0x0800021a   0x0800021a   0x00000004   Code   RO         4454    .ARM.Collect$$rtentry$$0000000A  c_w.l(__rtentry2.o)
    0x0800021e   0x0800021e   0x00000000   Code   RO         4456    .ARM.Collect$$rtentry$$0000000C  c_w.l(__rtentry2.o)
    0x0800021e   0x0800021e   0x00000008   Code   RO         4457    .ARM.Collect$$rtentry$$0000000D  c_w.l(__rtentry2.o)
    0x08000226   0x08000226   0x00000002   Code   RO         4544    .ARM.Collect$$rtexit$$00000000  c_w.l(rtexit.o)
    0x08000228   0x08000228   0x00000000   Code   RO         4605    .ARM.Collect$$rtexit$$00000002  c_w.l(rtexit2.o)
    0x08000228   0x08000228   0x00000004   Code   RO         4606    .ARM.Collect$$rtexit$$00000003  c_w.l(rtexit2.o)
    0x0800022c   0x0800022c   0x00000006   Code   RO         4607    .ARM.Collect$$rtexit$$00000004  c_w.l(rtexit2.o)
    0x08000232   0x08000232   0x00000002   PAD
    0x08000234   0x08000234   0x00000040   Code   RO            4    .text               startup_stm32f103xb.o
    0x08000274   0x08000274   0x000000ee   Code   RO         4322    .text               c_w.l(lludivv7m.o)
    0x08000362   0x08000362   0x00000026   Code   RO         4324    .text               c_w.l(llushr.o)
    0x08000388   0x08000388   0x00000048   Code   RO         4326    .text               c_w.l(llsdiv.o)
    0x080003d0   0x080003d0   0x00000034   Code   RO         4328    .text               c_w.l(vsnprintf.o)
    0x08000404   0x08000404   0x0000008a   Code   RO         4330    .text               c_w.l(rt_memcpy_v6.o)
    0x0800048e   0x0800048e   0x00000064   Code   RO         4332    .text               c_w.l(rt_memcpy_w.o)
    0x080004f2   0x080004f2   0x00000010   Code   RO         4334    .text               c_w.l(aeabi_memset.o)
    0x08000502   0x08000502   0x00000044   Code   RO         4336    .text               c_w.l(rt_memclr.o)
    0x08000546   0x08000546   0x0000004e   Code   RO         4338    .text               c_w.l(rt_memclr_w.o)
    0x08000594   0x08000594   0x00000006   Code   RO         4340    .text               c_w.l(heapauxi.o)
    0x0800059a   0x0800059a   0x0000004e   Code   RO         4351    .text               c_w.l(_printf_pad.o)
    0x080005e8   0x080005e8   0x00000024   Code   RO         4353    .text               c_w.l(_printf_truncate.o)
    0x0800060c   0x0800060c   0x00000052   Code   RO         4355    .text               c_w.l(_printf_str.o)
    0x0800065e   0x0800065e   0x00000002   PAD
    0x08000660   0x08000660   0x00000078   Code   RO         4357    .text               c_w.l(_printf_dec.o)
    0x080006d8   0x080006d8   0x00000028   Code   RO         4359    .text               c_w.l(_printf_charcount.o)
    0x08000700   0x08000700   0x00000030   Code   RO         4361    .text               c_w.l(_printf_char_common.o)
    0x08000730   0x08000730   0x0000000a   Code   RO         4363    .text               c_w.l(_sputc.o)
    0x0800073a   0x0800073a   0x00000010   Code   RO         4365    .text               c_w.l(_snputc.o)
    0x0800074a   0x0800074a   0x00000002   PAD
    0x0800074c   0x0800074c   0x000000bc   Code   RO         4367    .text               c_w.l(_printf_wctomb.o)
    0x08000808   0x08000808   0x0000007c   Code   RO         4370    .text               c_w.l(_printf_longlong_dec.o)
    0x08000884   0x08000884   0x00000070   Code   RO         4376    .text               c_w.l(_printf_oct_int_ll.o)
    0x080008f4   0x080008f4   0x00000094   Code   RO         4396    .text               c_w.l(_printf_hex_int_ll_ptr.o)
    0x08000988   0x08000988   0x00000188   Code   RO         4416    .text               c_w.l(__printf_flags_ss_wp.o)
    0x08000b10   0x08000b10   0x0000008a   Code   RO         4467    .text               c_w.l(lludiv10.o)
    0x08000b9a   0x08000b9a   0x000000b2   Code   RO         4469    .text               c_w.l(_printf_intcommon.o)
    0x08000c4c   0x08000c4c   0x0000041e   Code   RO         4471    .text               c_w.l(_printf_fp_dec.o)
    0x0800106a   0x0800106a   0x00000002   PAD
    0x0800106c   0x0800106c   0x000002fc   Code   RO         4473    .text               c_w.l(_printf_fp_hex.o)
    0x08001368   0x08001368   0x0000002c   Code   RO         4478    .text               c_w.l(_printf_char.o)
    0x08001394   0x08001394   0x0000002c   Code   RO         4480    .text               c_w.l(_printf_wchar.o)
    0x080013c0   0x080013c0   0x00000040   Code   RO         4483    .text               c_w.l(_wcrtomb.o)
    0x08001400   0x08001400   0x0000004a   Code   RO         4485    .text               c_w.l(sys_stackheap_outer.o)
    0x0800144a   0x0800144a   0x00000002   PAD
    0x0800144c   0x0800144c   0x00000010   Code   RO         4487    .text               c_w.l(rt_ctype_table.o)
    0x0800145c   0x0800145c   0x00000008   Code   RO         4492    .text               c_w.l(rt_locale_intlibspace.o)
    0x08001464   0x08001464   0x00000080   Code   RO         4494    .text               c_w.l(_printf_fp_infnan.o)
    0x080014e4   0x080014e4   0x000000e4   Code   RO         4496    .text               c_w.l(bigflt0.o)
    0x080015c8   0x080015c8   0x00000012   Code   RO         4524    .text               c_w.l(exit.o)
    0x080015da   0x080015da   0x00000002   PAD
    0x080015dc   0x080015dc   0x00000008   Code   RO         4541    .text               c_w.l(libspace.o)
    0x080015e4   0x080015e4   0x00000080   Code   RO         4555    .text               c_w.l(strcmpv7m.o)
    0x08001664   0x08001664   0x0000000c   Code   RO         4602    .text               c_w.l(sys_exit.o)
    0x08001670   0x08001670   0x00000002   Code   RO         4621    .text               c_w.l(use_no_semi.o)
    0x08001672   0x08001672   0x00000000   Code   RO         4623    .text               c_w.l(indicate_semi.o)
    0x08001672   0x08001672   0x0000003e   Code   RO         4499    CL$$btod_d2e        c_w.l(btod.o)
    0x080016b0   0x080016b0   0x00000046   Code   RO         4501    CL$$btod_d2e_denorm_low  c_w.l(btod.o)
    0x080016f6   0x080016f6   0x00000060   Code   RO         4500    CL$$btod_d2e_norm_op1  c_w.l(btod.o)
    0x08001756   0x08001756   0x00000338   Code   RO         4509    CL$$btod_div_common  c_w.l(btod.o)
    0x08001a8e   0x08001a8e   0x000000dc   Code   RO         4506    CL$$btod_e2e        c_w.l(btod.o)
    0x08001b6a   0x08001b6a   0x0000002a   Code   RO         4503    CL$$btod_ediv       c_w.l(btod.o)
    0x08001b94   0x08001b94   0x0000002a   Code   RO         4502    CL$$btod_emul       c_w.l(btod.o)
    0x08001bbe   0x08001bbe   0x00000244   Code   RO         4508    CL$$btod_mult_common  c_w.l(btod.o)
    0x08001e02   0x08001e02   0x00000002   Code   RO          345    i.BusFault_Handler  stm32f1xx_it.o
    0x08001e04   0x08001e04   0x0000000c   Code   RO          346    i.DMA1_Channel1_IRQHandler  stm32f1xx_it.o
    0x08001e10   0x08001e10   0x0000000c   Code   RO          347    i.DMA1_Channel2_IRQHandler  stm32f1xx_it.o
    0x08001e1c   0x08001e1c   0x0000000c   Code   RO          348    i.DMA1_Channel4_IRQHandler  stm32f1xx_it.o
    0x08001e28   0x08001e28   0x0000000c   Code   RO          349    i.DMA1_Channel5_IRQHandler  stm32f1xx_it.o
    0x08001e34   0x08001e34   0x0000002a   Code   RO         1882    i.DMA_SetConfig     stm32f1xx_hal_dma.o
    0x08001e5e   0x08001e5e   0x00000002   Code   RO          350    i.DebugMon_Handler  stm32f1xx_it.o
    0x08001e60   0x08001e60   0x00000006   Code   RO          351    i.EXTI9_5_IRQHandler  stm32f1xx_it.o
    0x08001e66   0x08001e66   0x00000004   Code   RO           13    i.Error_Handler     main.o
    0x08001e6a   0x08001e6a   0x00000002   PAD
    0x08001e6c   0x08001e6c   0x00000024   Code   RO         2322    i.FLASH_MassErase   stm32f1xx_hal_flash_ex.o
    0x08001e90   0x08001e90   0x00000024   Code   RO         2327    i.FLASH_PageErase   stm32f1xx_hal_flash_ex.o
    0x08001eb4   0x08001eb4   0x0000001c   Code   RO         2219    i.FLASH_Program_HalfWord  stm32f1xx_hal_flash.o
    0x08001ed0   0x08001ed0   0x0000005c   Code   RO         2220    i.FLASH_SetErrorCode  stm32f1xx_hal_flash.o
    0x08001f2c   0x08001f2c   0x00000054   Code   RO         2221    i.FLASH_WaitForLastOperation  stm32f1xx_hal_flash.o
    0x08001f80   0x08001f80   0x0000003e   Code   RO         2880    i.Flash_ErasePage   flash_driver.o
    0x08001fbe   0x08001fbe   0x00000002   PAD
    0x08001fc0   0x08001fc0   0x0000001a   Code   RO         2881    i.Flash_ReadData    flash_driver.o
    0x08001fda   0x08001fda   0x00000002   PAD
    0x08001fdc   0x08001fdc   0x00000054   Code   RO         2883    i.Flash_WriteData   flash_driver.o
    0x08002030   0x08002030   0x00000046   Code   RO         1883    i.HAL_DMA_Abort     stm32f1xx_hal_dma.o
    0x08002076   0x08002076   0x00000002   PAD
    0x08002078   0x08002078   0x00000098   Code   RO         1884    i.HAL_DMA_Abort_IT  stm32f1xx_hal_dma.o
    0x08002110   0x08002110   0x00000154   Code   RO         1888    i.HAL_DMA_IRQHandler  stm32f1xx_hal_dma.o
    0x08002264   0x08002264   0x0000005c   Code   RO         1889    i.HAL_DMA_Init      stm32f1xx_hal_dma.o
    0x080022c0   0x080022c0   0x00000070   Code   RO         1893    i.HAL_DMA_Start_IT  stm32f1xx_hal_dma.o
    0x08002330   0x08002330   0x000000a8   Code   RO         2328    i.HAL_FLASHEx_Erase  stm32f1xx_hal_flash_ex.o
    0x080023d8   0x080023d8   0x00000014   Code   RO         2225    i.HAL_FLASH_Lock    stm32f1xx_hal_flash.o
    0x080023ec   0x080023ec   0x00000080   Code   RO         2230    i.HAL_FLASH_Program  stm32f1xx_hal_flash.o
    0x0800246c   0x0800246c   0x00000028   Code   RO         2232    i.HAL_FLASH_Unlock  stm32f1xx_hal_flash.o
    0x08002494   0x08002494   0x00000004   Code   RO         3106    i.HAL_GPIO_EXTI_Callback  motor_task.o
    0x08002498   0x08002498   0x00000018   Code   RO         1818    i.HAL_GPIO_EXTI_IRQHandler  stm32f1xx_hal_gpio.o
    0x080024b0   0x080024b0   0x000001e0   Code   RO         1819    i.HAL_GPIO_Init     stm32f1xx_hal_gpio.o
    0x08002690   0x08002690   0x0000000a   Code   RO         1823    i.HAL_GPIO_WritePin  stm32f1xx_hal_gpio.o
    0x0800269a   0x0800269a   0x00000002   PAD
    0x0800269c   0x0800269c   0x0000000c   Code   RO         1513    i.HAL_GetTick       stm32f1xx_hal.o
    0x080026a8   0x080026a8   0x00000010   Code   RO         1519    i.HAL_IncTick       stm32f1xx_hal.o
    0x080026b8   0x080026b8   0x00000024   Code   RO         1520    i.HAL_Init          stm32f1xx_hal.o
    0x080026dc   0x080026dc   0x00000040   Code   RO         1521    i.HAL_InitTick      stm32f1xx_hal.o
    0x0800271c   0x0800271c   0x0000003c   Code   RO          469    i.HAL_MspInit       stm32f1xx_hal_msp.o
    0x08002758   0x08002758   0x0000001a   Code   RO         1979    i.HAL_NVIC_EnableIRQ  stm32f1xx_hal_cortex.o
    0x08002772   0x08002772   0x00000002   PAD
    0x08002774   0x08002774   0x00000040   Code   RO         1985    i.HAL_NVIC_SetPriority  stm32f1xx_hal_cortex.o
    0x080027b4   0x080027b4   0x00000024   Code   RO         1986    i.HAL_NVIC_SetPriorityGrouping  stm32f1xx_hal_cortex.o
    0x080027d8   0x080027d8   0x0000012c   Code   RO         1677    i.HAL_RCC_ClockConfig  stm32f1xx_hal_rcc.o
    0x08002904   0x08002904   0x00000020   Code   RO         1684    i.HAL_RCC_GetPCLK1Freq  stm32f1xx_hal_rcc.o
    0x08002924   0x08002924   0x00000020   Code   RO         1685    i.HAL_RCC_GetPCLK2Freq  stm32f1xx_hal_rcc.o
    0x08002944   0x08002944   0x0000004c   Code   RO         1686    i.HAL_RCC_GetSysClockFreq  stm32f1xx_hal_rcc.o
    0x08002990   0x08002990   0x00000320   Code   RO         1689    i.HAL_RCC_OscConfig  stm32f1xx_hal_rcc.o
    0x08002cb0   0x08002cb0   0x00000028   Code   RO         1990    i.HAL_SYSTICK_Config  stm32f1xx_hal_cortex.o
    0x08002cd8   0x08002cd8   0x00000002   Code   RO         1235    i.HAL_TIMEx_BreakCallback  stm32f1xx_hal_tim_ex.o
    0x08002cda   0x08002cda   0x00000002   Code   RO         1236    i.HAL_TIMEx_CommutCallback  stm32f1xx_hal_tim_ex.o
    0x08002cdc   0x08002cdc   0x00000068   Code   RO         1254    i.HAL_TIMEx_MasterConfigSynchronization  stm32f1xx_hal_tim_ex.o
    0x08002d44   0x08002d44   0x0000005a   Code   RO          531    i.HAL_TIM_Base_Init  stm32f1xx_hal_tim.o
    0x08002d9e   0x08002d9e   0x00000002   PAD
    0x08002da0   0x08002da0   0x000000ac   Code   RO          238    i.HAL_TIM_Base_MspInit  tim.o
    0x08002e4c   0x08002e4c   0x000000dc   Code   RO          540    i.HAL_TIM_ConfigClockSource  stm32f1xx_hal_tim.o
    0x08002f28   0x08002f28   0x00000002   Code   RO          565    i.HAL_TIM_IC_CaptureCallback  stm32f1xx_hal_tim.o
    0x08002f2a   0x08002f2a   0x00000130   Code   RO          579    i.HAL_TIM_IRQHandler  stm32f1xx_hal_tim.o
    0x0800305a   0x0800305a   0x00000002   PAD
    0x0800305c   0x0800305c   0x0000004c   Code   RO          239    i.HAL_TIM_MspPostInit  tim.o
    0x080030a8   0x080030a8   0x00000052   Code   RO          580    i.HAL_TIM_OC_ConfigChannel  stm32f1xx_hal_tim.o
    0x080030fa   0x080030fa   0x00000002   Code   RO          582    i.HAL_TIM_OC_DelayElapsedCallback  stm32f1xx_hal_tim.o
    0x080030fc   0x080030fc   0x0000005a   Code   RO          584    i.HAL_TIM_OC_Init   stm32f1xx_hal_tim.o
    0x08003156   0x08003156   0x00000002   Code   RO          586    i.HAL_TIM_OC_MspInit  stm32f1xx_hal_tim.o
    0x08003158   0x08003158   0x000000cc   Code   RO          603    i.HAL_TIM_PWM_ConfigChannel  stm32f1xx_hal_tim.o
    0x08003224   0x08003224   0x0000005a   Code   RO          606    i.HAL_TIM_PWM_Init  stm32f1xx_hal_tim.o
    0x0800327e   0x0800327e   0x00000002   Code   RO          608    i.HAL_TIM_PWM_MspInit  stm32f1xx_hal_tim.o
    0x08003280   0x08003280   0x00000002   Code   RO          609    i.HAL_TIM_PWM_PulseFinishedCallback  stm32f1xx_hal_tim.o
    0x08003282   0x08003282   0x00000002   Code   RO          617    i.HAL_TIM_PeriodElapsedCallback  stm32f1xx_hal_tim.o
    0x08003284   0x08003284   0x00000056   Code   RO          620    i.HAL_TIM_SlaveConfigSynchro  stm32f1xx_hal_tim.o
    0x080032da   0x080032da   0x00000002   Code   RO          622    i.HAL_TIM_TriggerCallback  stm32f1xx_hal_tim.o
    0x080032dc   0x080032dc   0x0000004a   Code   RO         2489    i.HAL_UARTEx_ReceiveToIdle_DMA  stm32f1xx_hal_uart.o
    0x08003326   0x08003326   0x00000002   PAD
    0x08003328   0x08003328   0x0000005c   Code   RO         2944    i.HAL_UARTEx_RxEventCallback  usart_driver.o
    0x08003384   0x08003384   0x00000070   Code   RO         2503    i.HAL_UART_DMAStop  stm32f1xx_hal_uart.o
    0x080033f4   0x080033f4   0x00000002   Code   RO         2505    i.HAL_UART_ErrorCallback  stm32f1xx_hal_uart.o
    0x080033f6   0x080033f6   0x00000002   PAD
    0x080033f8   0x080033f8   0x0000026c   Code   RO         2508    i.HAL_UART_IRQHandler  stm32f1xx_hal_uart.o
    0x08003664   0x08003664   0x00000064   Code   RO         2509    i.HAL_UART_Init     stm32f1xx_hal_uart.o
    0x080036c8   0x080036c8   0x00000170   Code   RO          298    i.HAL_UART_MspInit  usart.o
    0x08003838   0x08003838   0x00000002   Code   RO         2515    i.HAL_UART_RxCpltCallback  stm32f1xx_hal_uart.o
    0x0800383a   0x0800383a   0x00000002   Code   RO         2516    i.HAL_UART_RxHalfCpltCallback  stm32f1xx_hal_uart.o
    0x0800383c   0x0800383c   0x00000078   Code   RO         2518    i.HAL_UART_Transmit_DMA  stm32f1xx_hal_uart.o
    0x080038b4   0x080038b4   0x00000002   Code   RO         2520    i.HAL_UART_TxCpltCallback  stm32f1xx_hal_uart.o
    0x080038b6   0x080038b6   0x00000002   Code   RO         2521    i.HAL_UART_TxHalfCpltCallback  stm32f1xx_hal_uart.o
    0x080038b8   0x080038b8   0x00000002   Code   RO          352    i.HardFault_Handler  stm32f1xx_it.o
    0x080038ba   0x080038ba   0x00000002   PAD
    0x080038bc   0x080038bc   0x0000005c   Code   RO          213    i.MX_DMA_Init       dma.o
    0x08003918   0x08003918   0x000000a4   Code   RO          189    i.MX_GPIO_Init      gpio.o
    0x080039bc   0x080039bc   0x0000006c   Code   RO          240    i.MX_TIM1_Init      tim.o
    0x08003a28   0x08003a28   0x0000009c   Code   RO          241    i.MX_TIM3_Init      tim.o
    0x08003ac4   0x08003ac4   0x00000094   Code   RO          242    i.MX_TIM4_Init      tim.o
    0x08003b58   0x08003b58   0x00000038   Code   RO          299    i.MX_USART1_UART_Init  usart.o
    0x08003b90   0x08003b90   0x00000038   Code   RO          300    i.MX_USART3_UART_Init  usart.o
    0x08003bc8   0x08003bc8   0x00000002   Code   RO          353    i.MemManage_Handler  stm32f1xx_it.o
    0x08003bca   0x08003bca   0x00000002   Code   RO          354    i.NMI_Handler       stm32f1xx_it.o
    0x08003bcc   0x08003bcc   0x00000002   Code   RO          355    i.PendSV_Handler    stm32f1xx_it.o
    0x08003bce   0x08003bce   0x00000002   Code   RO          356    i.SVC_Handler       stm32f1xx_it.o
    0x08003bd0   0x08003bd0   0x00000004   Code   RO          357    i.SysTick_Handler   stm32f1xx_it.o
    0x08003bd4   0x08003bd4   0x0000005e   Code   RO           14    i.SystemClock_Config  main.o
    0x08003c32   0x08003c32   0x00000002   Code   RO         2843    i.SystemInit        system_stm32f1xx.o
    0x08003c34   0x08003c34   0x0000000c   Code   RO          358    i.TIM1_UP_IRQHandler  stm32f1xx_it.o
    0x08003c40   0x08003c40   0x00000078   Code   RO          624    i.TIM_Base_SetConfig  stm32f1xx_hal_tim.o
    0x08003cb8   0x08003cb8   0x00000014   Code   RO          635    i.TIM_ETR_SetConfig  stm32f1xx_hal_tim.o
    0x08003ccc   0x08003ccc   0x00000010   Code   RO          636    i.TIM_ITRx_SetConfig  stm32f1xx_hal_tim.o
    0x08003cdc   0x08003cdc   0x00000050   Code   RO          637    i.TIM_OC1_SetConfig  stm32f1xx_hal_tim.o
    0x08003d2c   0x08003d2c   0x00000058   Code   RO          638    i.TIM_OC2_SetConfig  stm32f1xx_hal_tim.o
    0x08003d84   0x08003d84   0x00000058   Code   RO          639    i.TIM_OC3_SetConfig  stm32f1xx_hal_tim.o
    0x08003ddc   0x08003ddc   0x00000044   Code   RO          640    i.TIM_OC4_SetConfig  stm32f1xx_hal_tim.o
    0x08003e20   0x08003e20   0x0000008c   Code   RO          641    i.TIM_SlaveTimer_SetConfig  stm32f1xx_hal_tim.o
    0x08003eac   0x08003eac   0x00000022   Code   RO          642    i.TIM_TI1_ConfigInputStage  stm32f1xx_hal_tim.o
    0x08003ece   0x08003ece   0x00000024   Code   RO          644    i.TIM_TI2_ConfigInputStage  stm32f1xx_hal_tim.o
    0x08003ef2   0x08003ef2   0x00000010   Code   RO         2522    i.UART_DMAAbortOnError  stm32f1xx_hal_uart.o
    0x08003f02   0x08003f02   0x0000004a   Code   RO         2523    i.UART_DMAError     stm32f1xx_hal_uart.o
    0x08003f4c   0x08003f4c   0x00000086   Code   RO         2524    i.UART_DMAReceiveCplt  stm32f1xx_hal_uart.o
    0x08003fd2   0x08003fd2   0x0000001e   Code   RO         2526    i.UART_DMARxHalfCplt  stm32f1xx_hal_uart.o
    0x08003ff0   0x08003ff0   0x00000042   Code   RO         2528    i.UART_DMATransmitCplt  stm32f1xx_hal_uart.o
    0x08004032   0x08004032   0x0000000a   Code   RO         2530    i.UART_DMATxHalfCplt  stm32f1xx_hal_uart.o
    0x0800403c   0x0800403c   0x0000004e   Code   RO         2532    i.UART_EndRxTransfer  stm32f1xx_hal_uart.o
    0x0800408a   0x0800408a   0x0000001c   Code   RO         2533    i.UART_EndTxTransfer  stm32f1xx_hal_uart.o
    0x080040a6   0x080040a6   0x000000c2   Code   RO         2534    i.UART_Receive_IT   stm32f1xx_hal_uart.o
    0x08004168   0x08004168   0x00000028   Code   RO         2945    i.UART_RxIdle_DMA_Init  usart_driver.o
    0x08004190   0x08004190   0x000000b8   Code   RO         2535    i.UART_SetConfig    stm32f1xx_hal_uart.o
    0x08004248   0x08004248   0x00000090   Code   RO         2536    i.UART_Start_Receive_DMA  stm32f1xx_hal_uart.o
    0x080042d8   0x080042d8   0x0000000c   Code   RO          359    i.USART1_IRQHandler  stm32f1xx_it.o
    0x080042e4   0x080042e4   0x0000000c   Code   RO          360    i.USART3_IRQHandler  stm32f1xx_it.o
    0x080042f0   0x080042f0   0x00000002   Code   RO          361    i.UsageFault_Handler  stm32f1xx_it.o
    0x080042f2   0x080042f2   0x00000028   Code   RO         4539    i.__ARM_fpclassify  m_ws.l(fpclassify.o)
    0x0800431a   0x0800431a   0x00000020   Code   RO         1992    i.__NVIC_SetPriority  stm32f1xx_hal_cortex.o
    0x0800433a   0x0800433a   0x0000000e   Code   RO         4409    i._is_digit         c_w.l(__printf_wp.o)
    0x08004348   0x08004348   0x0000005c   Code   RO         3926    i.add_delta_pulses  plsr_core.o
    0x080043a4   0x080043a4   0x00000026   Code   RO         3285    i.agile_modbus_common_init  agile_modbus.o
    0x080043ca   0x080043ca   0x00000046   Code   RO         3286    i.agile_modbus_compute_data_length_after_meta  agile_modbus.o
    0x08004410   0x08004410   0x0000006a   Code   RO         3287    i.agile_modbus_compute_meta_length_after_function  agile_modbus.o
    0x0800447a   0x0800447a   0x00000022   Code   RO         3301    i.agile_modbus_receive_judge  agile_modbus.o
    0x0800449c   0x0800449c   0x00000050   Code   RO         3302    i.agile_modbus_receive_msg_judge  agile_modbus.o
    0x080044ec   0x080044ec   0x0000001a   Code   RO         3531    i.agile_modbus_rtu_build_request_basis  agile_modbus_rtu.o
    0x08004506   0x08004506   0x0000000c   Code   RO         3532    i.agile_modbus_rtu_build_response_basis  agile_modbus_rtu.o
    0x08004512   0x08004512   0x00000026   Code   RO         3533    i.agile_modbus_rtu_check_integrity  agile_modbus_rtu.o
    0x08004538   0x08004538   0x0000002c   Code   RO         3534    i.agile_modbus_rtu_crc16  agile_modbus_rtu.o
    0x08004564   0x08004564   0x0000001c   Code   RO         3535    i.agile_modbus_rtu_init  agile_modbus_rtu.o
    0x08004580   0x08004580   0x00000014   Code   RO         3536    i.agile_modbus_rtu_pre_check_confirmation  agile_modbus_rtu.o
    0x08004594   0x08004594   0x0000000a   Code   RO         3537    i.agile_modbus_rtu_prepare_response_tid  agile_modbus_rtu.o
    0x0800459e   0x0800459e   0x0000001a   Code   RO         3538    i.agile_modbus_rtu_send_msg_pre  agile_modbus_rtu.o
    0x080045b8   0x080045b8   0x00000006   Code   RO         3539    i.agile_modbus_rtu_set_slave  agile_modbus_rtu.o
    0x080045be   0x080045be   0x00000020   Code   RO         3310    i.agile_modbus_serialize_response_exception  agile_modbus.o
    0x080045de   0x080045de   0x00000006   Code   RO         3318    i.agile_modbus_set_slave  agile_modbus.o
    0x080045e4   0x080045e4   0x00000360   Code   RO         3319    i.agile_modbus_slave_handle  agile_modbus.o
    0x08004944   0x08004944   0x0000001c   Code   RO         3320    i.agile_modbus_slave_io_get  agile_modbus.o
    0x08004960   0x08004960   0x00000024   Code   RO         3321    i.agile_modbus_slave_io_set  agile_modbus.o
    0x08004984   0x08004984   0x00000012   Code   RO         3322    i.agile_modbus_slave_register_get  agile_modbus.o
    0x08004996   0x08004996   0x0000000e   Code   RO         3323    i.agile_modbus_slave_register_set  agile_modbus.o
    0x080049a4   0x080049a4   0x00000098   Code   RO         3585    i.agile_modbus_slave_util_callback  agile_modbus_slave_util.o
    0x08004a3c   0x08004a3c   0x00000042   Code   RO         3927    i.apply_frequency_request  plsr_core.o
    0x08004a7e   0x08004a7e   0x0000008c   Code   RO         4187    i.apply_scalar_config_write  plsr_service.o
    0x08004b0a   0x08004b0a   0x00000002   PAD
    0x08004b0c   0x08004b0c   0x000000e4   Code   RO         4188    i.apply_u32_config_writes  plsr_service.o
    0x08004bf0   0x08004bf0   0x0000012a   Code   RO         3928    i.begin_segment     plsr_core.o
    0x08004d1a   0x08004d1a   0x0000002c   Code   RO         3929    i.build_current_profile  plsr_core.o
    0x08004d46   0x08004d46   0x00000002   PAD
    0x08004d48   0x08004d48   0x00000014   Code   RO         3881    i.clamp_freq        plsr_profile.o
    0x08004d5c   0x08004d5c   0x00000014   Code   RO         3930    i.clamp_freq        plsr_core.o
    0x08004d70   0x08004d70   0x0000000e   Code   RO         3628    i.command_get       modbus_app.o
    0x08004d7e   0x08004d7e   0x00000014   Code   RO         3629    i.command_set       modbus_app.o
    0x08004d92   0x08004d92   0x00000022   Code   RO         3931    i.complete_segment  plsr_core.o
    0x08004db4   0x08004db4   0x00000034   Code   RO         4082    i.crc32_update      plsr_storage.o
    0x08004de8   0x08004de8   0x0000001e   Code   RO         3932    i.current_waits_ext  plsr_core.o
    0x08004e06   0x08004e06   0x00000002   PAD
    0x08004e08   0x08004e08   0x00000054   Code   RO         2995    i.dma_stop_arm      plsr_hw.o
    0x08004e5c   0x08004e5c   0x000000b8   Code   RO         3882    i.ease_factor_q16   plsr_profile.o
    0x08004f14   0x08004f14   0x0000002c   Code   RO         3933    i.enter_error       plsr_core.o
    0x08004f40   0x08004f40   0x00000032   Code   RO         3934    i.finish_done       plsr_core.o
    0x08004f72   0x08004f72   0x00000022   Code   RO         3586    i.get_map_by_addr   agile_modbus_slave_util.o
    0x08004f94   0x08004f94   0x00000036   Code   RO         3630    i.get_register_block  modbus_app.o
    0x08004fca   0x08004fca   0x0000001e   Code   RO         4083    i.image_crc32       plsr_storage.o
    0x08004fe8   0x08004fe8   0x0000000a   Code   RO         2996    i.is_channel_valid  plsr_hw.o
    0x08004ff2   0x08004ff2   0x00000026   Code   RO         2997    i.is_config_valid   plsr_hw.o
    0x08005018   0x08005018   0x00000014   Code   RO         3823    i.is_freq_valid     plsr_config.o
    0x0800502c   0x0800502c   0x00000020   Code   RO         3631    i.is_segment_addr   modbus_app.o
    0x0800504c   0x0800504c   0x00000028   Code   RO         4189    i.is_segment_addr   plsr_service.o
    0x08005074   0x08005074   0x0000002a   Code   RO           15    i.main              main.o
    0x0800509e   0x0800509e   0x0000006c   Code   RO         3587    i.mask_write_register  agile_modbus_slave_util.o
    0x0800510a   0x0800510a   0x000000c0   Code   RO         3632    i.modbus_app_addr_check  modbus_app.o
    0x080051ca   0x080051ca   0x00000002   PAD
    0x080051cc   0x080051cc   0x00000008   Code   RO         3633    i.modbus_app_get_slave_util  modbus_app.o
    0x080051d4   0x080051d4   0x00000002   Code   RO         3634    i.modbus_app_init   modbus_app.o
    0x080051d6   0x080051d6   0x00000004   Code   RO         3107    i.motor_task_1ms    motor_task.o
    0x080051da   0x080051da   0x00000004   Code   RO         3108    i.motor_task_init   motor_task.o
    0x080051de   0x080051de   0x00000002   PAD
    0x080051e0   0x080051e0   0x0000002c   Code   RO         3225    i.my_main           my_main.o
    0x0800520c   0x0800520c   0x0000003c   Code   RO         2946    i.my_printf         usart_driver.o
    0x08005248   0x08005248   0x00000034   Code   RO         3151    i.my_usart1_init    usart_task.o
    0x0800527c   0x0800527c   0x00000020   Code   RO         3824    i.plsr_config_is_current_freq_addr  plsr_config.o
    0x0800529c   0x0800529c   0x00000026   Code   RO         3825    i.plsr_config_next_segment  plsr_config.o
    0x080052c2   0x080052c2   0x0000003a   Code   RO         3826    i.plsr_config_set_defaults  plsr_config.o
    0x080052fc   0x080052fc   0x0000004a   Code   RO         3827    i.plsr_config_validate_for_start  plsr_config.o
    0x08005346   0x08005346   0x00000022   Code   RO         3935    i.plsr_core_get_record  plsr_core.o
    0x08005368   0x08005368   0x00000054   Code   RO         3936    i.plsr_core_get_status  plsr_core.o
    0x080053bc   0x080053bc   0x0000002a   Code   RO         3937    i.plsr_core_init    plsr_core.o
    0x080053e6   0x080053e6   0x0000002e   Code   RO         3938    i.plsr_core_is_idle  plsr_core.o
    0x08005414   0x08005414   0x00000040   Code   RO         3939    i.plsr_core_on_ext_rising  plsr_core.o
    0x08005454   0x08005454   0x00000048   Code   RO         3940    i.plsr_core_request_current_freq  plsr_core.o
    0x0800549c   0x0800549c   0x00000022   Code   RO         3941    i.plsr_core_set_record  plsr_core.o
    0x080054be   0x080054be   0x000000aa   Code   RO         3942    i.plsr_core_start   plsr_core.o
    0x08005568   0x08005568   0x0000004a   Code   RO         3943    i.plsr_core_stop    plsr_core.o
    0x080055b2   0x080055b2   0x00000076   Code   RO         3944    i.plsr_core_task_1ms  plsr_core.o
    0x08005628   0x08005628   0x00000034   Code   RO         2998    i.plsr_hw_configure_terminals  plsr_hw.o
    0x0800565c   0x0800565c   0x00000050   Code   RO         2999    i.plsr_hw_init      plsr_hw.o
    0x080056ac   0x080056ac   0x0000000c   Code   RO         3000    i.plsr_hw_is_ext_pin  plsr_hw.o
    0x080056b8   0x080056b8   0x000000b4   Code   RO         3002    i.plsr_hw_poll      plsr_hw.o
    0x0800576c   0x0800576c   0x00000034   Code   RO         3003    i.plsr_hw_set_direction  plsr_hw.o
    0x080057a0   0x080057a0   0x000000a8   Code   RO         3004    i.plsr_hw_set_frequency  plsr_hw.o
    0x08005848   0x08005848   0x000000c0   Code   RO         3005    i.plsr_hw_start     plsr_hw.o
    0x08005908   0x08005908   0x00000054   Code   RO         3006    i.plsr_hw_stop_now  plsr_hw.o
    0x0800595c   0x0800595c   0x00000008   Code   RO         4148    i.plsr_port_enter_critical  plsr_port.o
    0x08005964   0x08005964   0x00000006   Code   RO         4149    i.plsr_port_exit_critical  plsr_port.o
    0x0800596a   0x0800596a   0x00000004   Code   RO         4150    i.plsr_port_get_tick_ms  plsr_port.o
    0x0800596e   0x0800596e   0x00000040   Code   RO         3883    i.plsr_profile_build  plsr_profile.o
    0x080059ae   0x080059ae   0x00000002   PAD
    0x080059b0   0x080059b0   0x00000064   Code   RO         3884    i.plsr_profile_eval  plsr_profile.o
    0x08005a14   0x08005a14   0x00000028   Code   RO         4190    i.plsr_service_clear_total_distance  plsr_service.o
    0x08005a3c   0x08005a3c   0x00000028   Code   RO         4191    i.plsr_service_get_config  plsr_service.o
    0x08005a64   0x08005a64   0x0000000c   Code   RO         4192    i.plsr_service_get_status  plsr_service.o
    0x08005a70   0x08005a70   0x0000005c   Code   RO         4193    i.plsr_service_init  plsr_service.o
    0x08005acc   0x08005acc   0x00000030   Code   RO         4194    i.plsr_service_on_exti  plsr_service.o
    0x08005afc   0x08005afc   0x00000188   Code   RO         4195    i.plsr_service_read_register  plsr_service.o
    0x08005c84   0x08005c84   0x00000034   Code   RO         4197    i.plsr_service_set_position  plsr_service.o
    0x08005cb8   0x08005cb8   0x00000030   Code   RO         4198    i.plsr_service_start_once  plsr_service.o
    0x08005ce8   0x08005ce8   0x0000002c   Code   RO         4199    i.plsr_service_storage_task_100ms  plsr_service.o
    0x08005d14   0x08005d14   0x00000048   Code   RO         4200    i.plsr_service_task_1ms  plsr_service.o
    0x08005d5c   0x08005d5c   0x00000200   Code   RO         4202    i.plsr_service_write_registers  plsr_service.o
    0x08005f5c   0x08005f5c   0x0000007c   Code   RO         4084    i.plsr_storage_load  plsr_storage.o
    0x08005fd8   0x08005fd8   0x00000014   Code   RO         4085    i.plsr_storage_mark_dirty  plsr_storage.o
    0x08005fec   0x08005fec   0x00000078   Code   RO         4086    i.plsr_storage_save  plsr_storage.o
    0x08006064   0x08006064   0x0000001a   Code   RO         4087    i.plsr_storage_set_defaults  plsr_storage.o
    0x0800607e   0x0800607e   0x00000002   PAD
    0x08006080   0x08006080   0x0000002c   Code   RO         4088    i.plsr_storage_task_100ms  plsr_storage.o
    0x080060ac   0x080060ac   0x000000ae   Code   RO         4204    i.precheck_write_request  plsr_service.o
    0x0800615a   0x0800615a   0x00000002   PAD
    0x0800615c   0x0800615c   0x00000102   Code   RO         3588    i.read_registers    agile_modbus_slave_util.o
    0x0800625e   0x0800625e   0x00000022   Code   RO         4205    i.request_has_addr  plsr_service.o
    0x08006280   0x08006280   0x00000046   Code   RO         4206    i.request_u32       plsr_service.o
    0x080062c6   0x080062c6   0x000000ca   Code   RO         3945    i.run_running       plsr_core.o
    0x08006390   0x08006390   0x0000000c   Code   RO         3255    i.scheduler_init    scheduler.o
    0x0800639c   0x0800639c   0x0000003c   Code   RO         3256    i.scheduler_run     scheduler.o
    0x080063d8   0x080063d8   0x0000000e   Code   RO         3635    i.segment_10_get    modbus_app.o
    0x080063e6   0x080063e6   0x00000014   Code   RO         3636    i.segment_10_set    modbus_app.o
    0x080063fa   0x080063fa   0x0000000e   Code   RO         3637    i.segment_1_get     modbus_app.o
    0x08006408   0x08006408   0x00000014   Code   RO         3638    i.segment_1_set     modbus_app.o
    0x0800641c   0x0800641c   0x0000000e   Code   RO         3639    i.segment_2_get     modbus_app.o
    0x0800642a   0x0800642a   0x00000014   Code   RO         3640    i.segment_2_set     modbus_app.o
    0x0800643e   0x0800643e   0x0000000e   Code   RO         3641    i.segment_3_get     modbus_app.o
    0x0800644c   0x0800644c   0x00000014   Code   RO         3642    i.segment_3_set     modbus_app.o
    0x08006460   0x08006460   0x0000000e   Code   RO         3643    i.segment_4_get     modbus_app.o
    0x0800646e   0x0800646e   0x00000014   Code   RO         3644    i.segment_4_set     modbus_app.o
    0x08006482   0x08006482   0x0000000e   Code   RO         3645    i.segment_5_get     modbus_app.o
    0x08006490   0x08006490   0x00000014   Code   RO         3646    i.segment_5_set     modbus_app.o
    0x080064a4   0x080064a4   0x0000000e   Code   RO         3647    i.segment_6_get     modbus_app.o
    0x080064b2   0x080064b2   0x00000014   Code   RO         3648    i.segment_6_set     modbus_app.o
    0x080064c6   0x080064c6   0x0000000e   Code   RO         3649    i.segment_7_get     modbus_app.o
    0x080064d4   0x080064d4   0x00000014   Code   RO         3650    i.segment_7_set     modbus_app.o
    0x080064e8   0x080064e8   0x0000000e   Code   RO         3651    i.segment_8_get     modbus_app.o
    0x080064f6   0x080064f6   0x00000014   Code   RO         3652    i.segment_8_set     modbus_app.o
    0x0800650a   0x0800650a   0x0000000e   Code   RO         3653    i.segment_9_get     modbus_app.o
    0x08006518   0x08006518   0x00000014   Code   RO         3654    i.segment_9_set     modbus_app.o
    0x0800652c   0x0800652c   0x00000010   Code   RO         3946    i.segment_elapsed_ms  plsr_core.o
    0x0800653c   0x0800653c   0x0000003c   Code   RO         3655    i.set_register_block  modbus_app.o
    0x08006578   0x08006578   0x0000002a   Code   RO         3007    i.settle_counter_delta  plsr_hw.o
    0x080065a2   0x080065a2   0x00000048   Code   RO         3947    i.start_current_segment_output  plsr_core.o
    0x080065ea   0x080065ea   0x0000000e   Code   RO         3656    i.status_get        modbus_app.o
    0x080065f8   0x080065f8   0x00000014   Code   RO         3657    i.status_set        modbus_app.o
    0x0800660c   0x0800660c   0x00000044   Code   RO         3008    i.stop_timers_only  plsr_hw.o
    0x08006650   0x08006650   0x0000000e   Code   RO         3658    i.system_get        modbus_app.o
    0x0800665e   0x0800665e   0x00000014   Code   RO         3659    i.system_set        modbus_app.o
    0x08006672   0x08006672   0x00000024   Code   RO         3948    i.update_current_freq_snapshot  plsr_core.o
    0x08006696   0x08006696   0x00000002   PAD
    0x08006698   0x08006698   0x00000094   Code   RO         3152    i.usart1_task       usart_task.o
    0x0800672c   0x0800672c   0x00000054   Code   RO         3828    i.validate_basic_fields  plsr_config.o
    0x08006780   0x08006780   0x0000002c   Code   RO         3198    i.vofa_task         vofa_app.o
    0x080067ac   0x080067ac   0x00000158   Code   RO         3589    i.write_read_registers  agile_modbus_slave_util.o
    0x08006904   0x08006904   0x0000014a   Code   RO         3590    i.write_registers   agile_modbus_slave_util.o
    0x08006a4e   0x08006a4e   0x00000002   PAD
    0x08006a50   0x08006a50   0x0000002c   Code   RO         4522    locale$$code        c_w.l(lc_numeric_c.o)
    0x08006a7c   0x08006a7c   0x0000002c   Code   RO         4549    locale$$code        c_w.l(lc_ctype_c.o)
    0x08006aa8   0x08006aa8   0x00000004   Code   RO         4442    x$fpl$printf1       fz_ws.l(printf1.o)
    0x08006aac   0x08006aac   0x00000004   Code   RO         4444    x$fpl$printf2       fz_ws.l(printf2.o)
    0x08006ab0   0x08006ab0   0x00000000   Code   RO         4538    x$fpl$usenofp       fz_ws.l(usenofp.o)
    0x08006ab0   0x08006ab0   0x00000012   Data   RO         1690    .constdata          stm32f1xx_hal_rcc.o
    0x08006ac2   0x08006ac2   0x00000010   Data   RO         2844    .constdata          system_stm32f1xx.o
    0x08006ad2   0x08006ad2   0x00000008   Data   RO         2845    .constdata          system_stm32f1xx.o
    0x08006ada   0x08006ada   0x00000002   PAD
    0x08006adc   0x08006adc   0x00000018   Data   RO         3009    .constdata          plsr_hw.o
    0x08006af4   0x08006af4   0x0000022c   Data   RO         3540    .constdata          agile_modbus_rtu.o
    0x08006d20   0x08006d20   0x000000d0   Data   RO         3660    .constdata          modbus_app.o
    0x08006df0   0x08006df0   0x0000002c   Data   RO         3661    .constdata          modbus_app.o
    0x08006e1c   0x08006e1c   0x00000022   Data   RO         3885    .constdata          plsr_profile.o
    0x08006e3e   0x08006e3e   0x00000002   PAD
    0x08006e40   0x08006e40   0x00000008   Data   RO         4368    .constdata          c_w.l(_printf_wctomb.o)
    0x08006e48   0x08006e48   0x00000028   Data   RO         4397    .constdata          c_w.l(_printf_hex_int_ll_ptr.o)
    0x08006e70   0x08006e70   0x00000011   Data   RO         4417    .constdata          c_w.l(__printf_flags_ss_wp.o)
    0x08006e81   0x08006e81   0x00000026   Data   RO         4474    .constdata          c_w.l(_printf_fp_hex.o)
    0x08006ea7   0x08006ea7   0x00000001   PAD
    0x08006ea8   0x08006ea8   0x00000094   Data   RO         4497    .constdata          c_w.l(bigflt0.o)
    0x08006f3c   0x08006f3c   0x00000020   Data   RO         4675    Region$$Table       anon$$obj.o
    0x08006f5c   0x08006f5c   0x0000001c   Data   RO         4521    locale$$data        c_w.l(lc_numeric_c.o)
    0x08006f78   0x08006f78   0x00000110   Data   RO         4548    locale$$data        c_w.l(lc_ctype_c.o)


    Execution Region RW_IRAM1 (Exec base: 0x20000000, Load base: 0x08007088, Size: 0x00001010, Max: 0x00005000, ABSOLUTE)

    Exec Addr    Load Addr    Size         Type   Attr      Idx    E Section Name        Object

    0x20000000   0x08007088   0x0000000c   Data   RW         1527    .data               stm32f1xx_hal.o
    0x2000000c   0x08007094   0x00000004   Data   RW         2846    .data               system_stm32f1xx.o
    0x20000010   0x08007098   0x00000004   Data   RW         2948    .data               usart_driver.o
    0x20000014   0x0800709c   0x00000028   Data   RW         3011    .data               plsr_hw.o
    0x2000003c   0x080070c4   0x00000034   Data   RW         3257    .data               scheduler.o
    0x20000070   0x080070f8   0x00000008   Data   RW         4089    .data               plsr_storage.o
    0x20000078   0x08007100   0x00000004   Data   RW         4208    .data               plsr_service.o
    0x2000007c        -       0x0000011c   Zero   RW          243    .bss                tim.o
    0x20000198        -       0x0000015c   Zero   RW          301    .bss                usart.o
    0x200002f4   0x08007104   0x00000004   PAD
    0x200002f8        -       0x00000020   Zero   RW         2233    .bss                stm32f1xx_hal_flash.o
    0x20000318        -       0x00000300   Zero   RW         2947    .bss                usart_driver.o
    0x20000618        -       0x00000224   Zero   RW         3153    .bss                usart_task.o
    0x2000083c   0x08007104   0x00000004   PAD
    0x20000840        -       0x00000170   Zero   RW         4207    .bss                plsr_service.o
    0x200009b0        -       0x00000060   Zero   RW         4542    .bss                c_w.l(libspace.o)
    0x20000a10        -       0x00000200   Zero   RW            2    HEAP                startup_stm32f103xb.o
    0x20000c10        -       0x00000400   Zero   RW            1    STACK               startup_stm32f103xb.o


==============================================================================

Image component sizes


      Code (inc. data)   RO Data    RW Data    ZI Data      Debug   Object Name

      1326         52          0          0          0      14965   agile_modbus.o
       210          8        556          0          0       6152   agile_modbus_rtu.o
      1226          6          0          0          0      10771   agile_modbus_slave_util.o
        92          4          0          0          0        746   dma.o
       172          4          0          0          0       2477   flash_driver.o
       164         12          0          0          0        935   gpio.o
       140          0          0          0          0     434216   main.o
       790          4        252          0          0      23338   modbus_app.o
        12          0          0          0          0       3096   motor_task.o
        44         18          0          0          0        410   my_main.o
       306          4          0          0          0       6130   plsr_config.o
      1742         16          0          0          0      17365   plsr_core.o
      1062         56         24         40          0      11428   plsr_hw.o
        18          0          0          0          0       5129   plsr_port.o
       368         12         34          0          0       4013   plsr_profile.o
      2038        100          0          4        368      15550   plsr_service.o
       416         36          0          8          0       5384   plsr_storage.o
        72          8          0         52          0       1573   scheduler.o
        64         26        236          0       1536        792   startup_stm32f103xb.o
       128         24          0         12          0       5173   stm32f1xx_hal.o
       198         14          0          0          0      28847   stm32f1xx_hal_cortex.o
       808         36          0          0          0       4866   stm32f1xx_hal_dma.o
       392         46          0          0         32       4586   stm32f1xx_hal_flash.o
       240         26          0          0          0       3173   stm32f1xx_hal_flash_ex.o
       514         40          0          0          0       3411   stm32f1xx_hal_gpio.o
        60          8          0          0          0        838   stm32f1xx_hal_msp.o
      1240         84         18          0          0       5016   stm32f1xx_hal_rcc.o
      1870         40          0          0          0      17877   stm32f1xx_hal_tim.o
       108         12          0          0          0       2337   stm32f1xx_hal_tim_ex.o
      1994         38          0          0          0      15026   stm32f1xx_hal_uart.o
       110         42          0          0          0       7120   stm32f1xx_it.o
         2          0         24          4          0       1067   system_stm32f1xx.o
       660         68          0          0        284       3728   tim.o
       480         46          0          0        348       2544   usart.o
       192         42          0          4        768       3211   usart_driver.o
       200         36          0          0        548       5607   usart_task.o
        44         14          0          0          0        472   vofa_app.o

    ----------------------------------------------------------------------
     19544        982       1180        124       3892     679369   Object Totals
         0          0         32          0          0          0   (incl. Generated)
        42          0          4          0          8          0   (incl. Padding)

    ----------------------------------------------------------------------

      Code (inc. data)   RO Data    RW Data    ZI Data      Debug   Library Member Name

         8          0          0          0          0         68   __main.o
       392          4         17          0          0         92   __printf_flags_ss_wp.o
        14          0          0          0          0         68   __printf_wp.o
         0          0          0          0          0          0   __rtentry.o
        12          0          0          0          0          0   __rtentry2.o
         6          0          0          0          0          0   __rtentry4.o
        52          8          0          0          0          0   __scatter.o
        26          0          0          0          0          0   __scatter_copy.o
        28          0          0          0          0          0   __scatter_zi.o
         6          0          0          0          0          0   _printf_a.o
         6          0          0          0          0          0   _printf_c.o
        44          0          0          0          0        108   _printf_char.o
        48          6          0          0          0         96   _printf_char_common.o
        40          0          0          0          0         68   _printf_charcount.o
         6          0          0          0          0          0   _printf_d.o
       120         16          0          0          0         92   _printf_dec.o
         6          0          0          0          0          0   _printf_e.o
         6          0          0          0          0          0   _printf_f.o
      1054          0          0          0          0        216   _printf_fp_dec.o
       764          8         38          0          0        100   _printf_fp_hex.o
       128         16          0          0          0         84   _printf_fp_infnan.o
         6          0          0          0          0          0   _printf_g.o
       148          4         40          0          0        160   _printf_hex_int_ll_ptr.o
         6          0          0          0          0          0   _printf_i.o
       178          0          0          0          0         88   _printf_intcommon.o
        10          0          0          0          0          0   _printf_l.o
         6          0          0          0          0          0   _printf_lc.o
        10          0          0          0          0          0   _printf_ll.o
         6          0          0          0          0          0   _printf_lld.o
         6          0          0          0          0          0   _printf_lli.o
         6          0          0          0          0          0   _printf_llo.o
         6          0          0          0          0          0   _printf_llu.o
         6          0          0          0          0          0   _printf_llx.o
       124         16          0          0          0         92   _printf_longlong_dec.o
         6          0          0          0          0          0   _printf_ls.o
         6          0          0          0          0          0   _printf_n.o
         6          0          0          0          0          0   _printf_o.o
       112         10          0          0          0        124   _printf_oct_int_ll.o
         6          0          0          0          0          0   _printf_p.o
        78          0          0          0          0        108   _printf_pad.o
         0          0          0          0          0          0   _printf_percent.o
         4          0          0          0          0          0   _printf_percent_end.o
         6          0          0          0          0          0   _printf_s.o
        82          0          0          0          0         80   _printf_str.o
        36          0          0          0          0         84   _printf_truncate.o
         6          0          0          0          0          0   _printf_u.o
        44          0          0          0          0        108   _printf_wchar.o
       188          6          8          0          0         92   _printf_wctomb.o
         6          0          0          0          0          0   _printf_x.o
        16          0          0          0          0         68   _snputc.o
        10          0          0          0          0         68   _sputc.o
        64          0          0          0          0         92   _wcrtomb.o
        16          0          0          0          0         68   aeabi_memset.o
       228          4        148          0          0         96   bigflt0.o
      1936        128          0          0          0        672   btod.o
        18          0          0          0          0         80   exit.o
         6          0          0          0          0        152   heapauxi.o
         0          0          0          0          0          0   indicate_semi.o
        44         10        272          0          0         76   lc_ctype_c.o
        44         10         28          0          0         76   lc_numeric_c.o
         2          0          0          0          0          0   libinit.o
        30          0          0          0          0          0   libinit2.o
         2          0          0          0          0          0   libshutdown.o
         2          0          0          0          0          0   libshutdown2.o
         8          4          0          0         96         68   libspace.o
        72          0          0          0          0         76   llsdiv.o
       138          0          0          0          0         80   lludiv10.o
       238          0          0          0          0        100   lludivv7m.o
        38          0          0          0          0         68   llushr.o
        16          4          0          0          0         76   rt_ctype_table.o
         8          4          0          0          0         68   rt_locale_intlibspace.o
        68          0          0          0          0         68   rt_memclr.o
        78          0          0          0          0         80   rt_memclr_w.o
       138          0          0          0          0         68   rt_memcpy_v6.o
       100          0          0          0          0         80   rt_memcpy_w.o
         2          0          0          0          0          0   rtexit.o
        10          0          0          0          0          0   rtexit2.o
       128          0          0          0          0         68   strcmpv7m.o
        12          4          0          0          0         68   sys_exit.o
        74          0          0          0          0         80   sys_stackheap_outer.o
         2          0          0          0          0         68   use_no_semi.o
        52          4          0          0          0         80   vsnprintf.o
         4          0          0          0          0         68   printf1.o
         4          0          0          0          0         68   printf2.o
         0          0          0          0          0          0   usenofp.o
        40          0          0          0          0         68   fpclassify.o

    ----------------------------------------------------------------------
      7532        266        552          0         96       4776   Library Totals
        14          0          1          0          0          0   (incl. Padding)

    ----------------------------------------------------------------------

      Code (inc. data)   RO Data    RW Data    ZI Data      Debug   Library Name

      7470        266        551          0         96       4572   c_w.l
         8          0          0          0          0        136   fz_ws.l
        40          0          0          0          0         68   m_ws.l

    ----------------------------------------------------------------------
      7532        266        552          0         96       4776   Library Totals

    ----------------------------------------------------------------------

==============================================================================


      Code (inc. data)   RO Data    RW Data    ZI Data      Debug   

     27076       1248       1732        124       3988     668229   Grand Totals
     27076       1248       1732        124       3988     668229   ELF Image Totals
     27076       1248       1732        124          0          0   ROM Totals

==============================================================================

    Total RO  Size (Code + RO Data)                28808 (  28.13kB)
    Total RW  Size (RW Data + ZI Data)              4112 (   4.02kB)
    Total ROM Size (Code + RO Data + RW Data)      28932 (  28.25kB)

==============================================================================

